<html>
<body>
<pre>
<h1>礦ision Build Log</h1>
<h2>Tool Versions:</h2>
IDE-Version: μVision V5.20.0.0
Copyright (C) 2016 ARM Ltd and ARM Germany GmbH. All rights reserved.
License Information: 123 123, 1231, LIC=PE701-CWWIQ-KB4ER-KBE7G-7XGRM-NHU98
 
Tool Versions:
Toolchain:       MDK-ARM Plus  Version: 5.20
Toolchain Path:  F:\MDK520\ARM\ARMCC\Bin
C Compiler:      Armcc.exe V5.06 update 2 (build 183)
Assembler:       Armasm.exe V5.06 update 2 (build 183)
Linker/Locator:  ArmLink.exe V5.06 update 2 (build 183)
Library Manager: ArmAr.exe V5.06 update 2 (build 183)
Hex Converter:   FromElf.exe V5.06 update 2 (build 183)
CPU DLL:         SARMCM3.DLL V5.20
Dialog DLL:      DCM.DLL V1.13.7.0
Target DLL:      CMSIS_AGDI.dll V1.25.20.0
Dialog DLL:      TCM.DLL V1.14.9.0
 
<h2>Project:</h2>
D:\MDK520workspace\F767版本\6.767（优化函数）\Project\RVMDK（uv5）\BH-F746.uvprojx
Project File Date:  06/11/2018

<h2>Output:</h2>
*** Using Compiler 'V5.06 update 2 (build 183)', folder: 'F:\MDK520\ARM\ARMCC\Bin'
Rebuild target '摄像头—OV2640'
assembling startup_stm32f746xx.s...
compiling stm32f7xx_hal_adc.c...
compiling system_stm32f7xx.c...
compiling stm32f7xx_hal.c...
compiling stm32f7xx_hal_cec.c...
compiling stm32f7xx_hal_adc_ex.c...
compiling stm32f7xx_hal_can.c...
compiling stm32f7xx_hal_cortex.c...
compiling stm32f7xx_hal_crc.c...
compiling stm32f7xx_hal_crc_ex.c...
compiling stm32f7xx_hal_cryp.c...
compiling stm32f7xx_hal_dac.c...
compiling stm32f7xx_hal_cryp_ex.c...
compiling stm32f7xx_hal_dac_ex.c...
compiling stm32f7xx_hal_dcmi_ex.c...
compiling stm32f7xx_hal_dcmi.c...
compiling stm32f7xx_hal_dma.c...
compiling stm32f7xx_hal_dma2d.c...
compiling stm32f7xx_hal_dma_ex.c...
compiling stm32f7xx_hal_flash_ex.c...
compiling stm32f7xx_hal_eth.c...
compiling stm32f7xx_hal_flash.c...
compiling stm32f7xx_hal_gpio.c...
compiling stm32f7xx_hal_hash_ex.c...
compiling stm32f7xx_hal_hash.c...
compiling stm32f7xx_hal_i2c_ex.c...
compiling stm32f7xx_hal_hcd.c...
compiling stm32f7xx_hal_i2c.c...
compiling stm32f7xx_hal_i2s.c...
compiling stm32f7xx_hal_irda.c...
compiling stm32f7xx_hal_iwdg.c...
compiling stm32f7xx_hal_lptim.c...
compiling stm32f7xx_hal_ltdc.c...
compiling stm32f7xx_hal_msp_template.c...
compiling stm32f7xx_hal_nand.c...
compiling stm32f7xx_hal_pcd.c...
compiling stm32f7xx_hal_nor.c...
compiling stm32f7xx_hal_pcd_ex.c...
compiling stm32f7xx_hal_pwr.c...
compiling stm32f7xx_hal_pwr_ex.c...
compiling stm32f7xx_hal_qspi.c...
compiling stm32f7xx_hal_rcc.c...
compiling stm32f7xx_hal_rcc_ex.c...
compiling stm32f7xx_hal_rtc_ex.c...
compiling stm32f7xx_hal_rtc.c...
compiling stm32f7xx_hal_rng.c...
compiling stm32f7xx_hal_sai_ex.c...
compiling stm32f7xx_hal_sai.c...
compiling stm32f7xx_hal_sd.c...
compiling stm32f7xx_hal_smartcard.c...
compiling stm32f7xx_hal_smartcard_ex.c...
compiling stm32f7xx_hal_sdram.c...
compiling stm32f7xx_hal_spdifrx.c...
compiling stm32f7xx_hal_spi.c...
compiling stm32f7xx_hal_sram.c...
compiling stm32f7xx_hal_tim.c...
compiling stm32f7xx_hal_tim_ex.c...
compiling stm32f7xx_hal_uart.c...
compiling stm32f7xx_hal_usart.c...
compiling stm32f7xx_hal_wwdg.c...
compiling stm32f7xx_ll_fmc.c...
compiling stm32f7xx_ll_sdmmc.c...
compiling stm32f7xx_ll_usb.c...
compiling main.c...
..\..\User\./process/process.h(65): warning:  #1295-D: Deprecated declaration Erodation - give arg types
  void Erodation();                                  //腐蚀
..\..\User\./process/process.h(66): warning:  #1295-D: Deprecated declaration Dilation - give arg types
  void Dilation();                                 //????
..\..\User\./process/process.h(67): warning:  #1295-D: Deprecated declaration close - give arg types
  void close();                                     
..\..\User\./process/process.h(68): warning:  #1295-D: Deprecated declaration open - give arg types
  void open();
..\..\User\main.c(194): warning:  #128-D: loop is not reachable
  while(1)
..\..\User\main.c: 5 warnings, 0 errors
compiling bsp_led.c...
compiling stm32f7xx_it.c...
compiling bsp_sdram.c...
compiling bsp_debug_usart.c...
compiling bsp_qspi_flash.c...
compiling bsp_lcd.c...
compiling bsp_SysTick.c...
..\..\User\systick\bsp_SysTick.c(21): warning:  #83-D: type qualifier specified more than once
  static volatile 
_IO u32 TimingDelay;
..\..\User\systick\bsp_SysTick.c: 1 warning, 0 errors
compiling bsp_ov2640.c...
..\..\User\./process/process.h(65): warning:  #1295-D: Deprecated declaration Erodation - give arg types
  void Erodation();                                  //腐蚀
..\..\User\./process/process.h(66): warning:  #1295-D: Deprecated declaration Dilation - give arg types
  void Dilation();                                 //????
..\..\User\./process/process.h(67): warning:  #1295-D: Deprecated declaration close - give arg types
  void close();                                     
..\..\User\./process/process.h(68): warning:  #1295-D: Deprecated declaration open - give arg types
  void open();
..\..\User\camera\bsp_ov2640.c(1257): warning:  #550-D: variable "DMA_status" was set but never used
  	HAL_StatusTypeDef DMA_status = HAL_ERROR; 
..\..\User\camera\bsp_ov2640.c: 5 warnings, 0 errors
compiling process.c...
..\..\User\./process/process.h(65): warning:  #1295-D: Deprecated declaration Erodation - give arg types
  void Erodation();                                  //腐蚀
..\..\User\./process/process.h(66): warning:  #1295-D: Deprecated declaration Dilation - give arg types
  void Dilation();                                 //????
..\..\User\./process/process.h(67): warning:  #1295-D: Deprecated declaration close - give arg types
  void close();                                     
..\..\User\./process/process.h(68): warning:  #1295-D: Deprecated declaration open - give arg types
  void open();
..\..\User\process\process.c(29): warning:  #68-D: integer conversion resulted in a change of sign
  {-1, 0, 1,
..\..\User\process\process.c(30): warning:  #68-D: integer conversion resulted in a change of sign
  -1, 0, 1,
..\..\User\process\process.c(31): warning:  #68-D: integer conversion resulted in a change of sign
  -1, 0, 1},
..\..\User\process\process.c(32): warning:  #68-D: integer conversion resulted in a change of sign
  {-1, -1, 0,
..\..\User\process\process.c(32): warning:  #68-D: integer conversion resulted in a change of sign
  {-1, -1, 0,
..\..\User\process\process.c(33): warning:  #68-D: integer conversion resulted in a change of sign
  -1, 0, 1,
..\..\User\process\process.c(35): warning:  #68-D: integer conversion resulted in a change of sign
  {-1, -1, -1,
..\..\User\process\process.c(35): warning:  #68-D: integer conversion resulted in a change of sign
  {-1, -1, -1,
..\..\User\process\process.c(35): warning:  #68-D: integer conversion resulted in a change of sign
  {-1, -1, -1,
..\..\User\process\process.c(38): warning:  #68-D: integer conversion resulted in a change of sign
  {0, -1, -1,
..\..\User\process\process.c(38): warning:  #68-D: integer conversion resulted in a change of sign
  {0, -1, -1,
..\..\User\process\process.c(39): warning:  #68-D: integer conversion resulted in a change of sign
..\..\User\process\process.c(66): warning:  #177-D: variable "TH" was declared but never referenced
  	uint16_t x=0,y=0,TH=0;
..\..\User\process\process.c(167): warning:  #186-D: pointless comparison of unsigned integer with zero
  					if(im<0) im=0;
..\..\User\process\process.c(169): warning:  #186-D: pointless comparison of unsigned integer with zero
            if(jm<0) im=0;
..\..\User\process\process.c(212): warning:  #177-D: variable "k" was declared but never referenced
  	 uint16_t i,j,k=0;uint16_t label=0x0000;
..\..\User\process\process.c(471): warning:  #550-D: parameter "center_x" was set but never used
  float feature(uint16_t label,uint16_t center_x,uint16_t center_y)
..\..\User\process\process.c(471): warning:  #550-D: parameter "center_y" was set but never used
  float feature(uint16_t label,uint16_t center_x,uint16_t center_y)
..\..\User\process\process.c(473): warning:  #177-D: variable "i" was declared but never referenced
  	uint16_t i,j,cx,cy;
..\..\User\process\process.c(473): warning:  #177-D: variable "j" was declared but never referenced
  	uint16_t i,j,cx,cy;
..\..\User\process\process.c(474): warning:  #550-D: variable "length" was set but never used
  	float L,size,length,ratio;
..\..\User\process\process.c(648): warning:  #1035-D: single-precision operand implicitly converted to double-precision
  		diag=(r/
I)*180;    //?嵌?    
..\..\User\process\process.c(690): warning:  #186-D: pointless comparison of unsigned integer with zero
                  if (rValue>=0)  
..\..\User\process\process.c(667): warning:  #177-D: variable "indexTemp" was declared but never referenced
          uint16_t x,y,indexTemp,rValue_M,theta_M,iCount; 
..\..\User\process\process.c(667): warning:  #177-D: variable "iCount" was declared but never referenced
          uint16_t x,y,indexTemp,rValue_M,theta_M,iCount; 
..\..\User\process\process.c(742): warning:  #177-D: variable "temp" was declared but never referenced
    uint16_t temp=0,i,j,k,m;
..\..\User\process\process.c(745): warning:  #177-D: variable "m_iValve" was declared but never referenced
  	uint16_t m_iValve=50;
..\..\User\process\process.c(813): warning:  #186-D: pointless comparison of unsigned integer with zero
         if (fxr<0x0000)
..\..\User\process\process.c(782): warning:  #177-D: variable "i" was declared but never referenced
    uint16_t x,y,i,fxr,th1,th2;
..\..\User\process\process.c(965): warning:  #186-D: pointless comparison of unsigned integer with zero
          if (fxr<0x0000)
..\..\User\process\process.c(942): warning:  #177-D: variable "x" was declared but never referenced
  uint16_t x,y,th1,th2,tem[9];
..\..\User\process\process.c(942): warning:  #177-D: variable "y" was declared but never referenced
  uint16_t x,y,th1,th2,tem[9];
..\..\User\process\process.c(942): warning:  #177-D: variable "th1" was declared but never referenced
  uint16_t x,y,th1,th2,tem[9];
..\..\User\process\process.c(942): warning:  #177-D: variable "th2" was declared but never referenced
  uint16_t x,y,th1,th2,tem[9];
..\..\User\process\process.c(942): warning:  #177-D: variable "tem" was declared but never referenced
  uint16_t x,y,th1,th2,tem[9];
..\..\User\process\process.c(943): warning:  #177-D: variable "i" was declared but never referenced
  uint32_t i,ii,jj,r;
..\..\User\process\process.c(943): warning:  #177-D: variable "ii" was declared but never referenced
  uint32_t i,ii,jj,r;
..\..\User\process\process.c(943): warning:  #177-D: variable "jj" was declared but never referenced
  uint32_t i,ii,jj,r;
..\..\User\process\process.c(943): warning:  #177-D: variable "r" was declared but never referenced
  uint32_t i,ii,jj,r;
..\..\User\process\process.c(1053): warning:  #69-D: integer conversion resulted in truncation
      uint16_t i,j,k, pixelSum=
mg_width*
mg_height,threshold = 0;
..\..\User\process\process.c(1054): warning:  #177-D: variable "u" was declared but never referenced
  	  double N0,N1,w0, w1, u0tmp, u1tmp, u0, u1, u, deltaTmp=-1, deltaMax = -1;
..\..\User\process\process.c(1112): warning:  #69-D: integer conversion resulted in truncation
      uint16_t i, j,k, pixelSum=
mg_width*
mg_height,threshold = 0;
..\..\User\process\process.c(1112): warning:  #177-D: variable "pixelSum" was declared but never referenced
      uint16_t i, j,k, pixelSum=img_width*img_height,threshold = 0;
..\..\User\process\process.c(1113): warning:  #177-D: variable "p1" was declared but never referenced
  	  double p1=0,p2=0,H1=0,H2=0;
..\..\User\process\process.c(1113): warning:  #177-D: variable "p2" was declared but never referenced
  	  double p1=0,p2=0,H1=0,H2=0;
..\..\User\process\process.c(1186): warning:  #186-D: pointless comparison of unsigned integer with zero
  			if(t<0x0000)
..\..\User\process\process.c(1247): warning:  #186-D: pointless comparison of unsigned integer with zero
  			if(t<0x0000)
..\..\User\process\process.c(1301): warning:  #69-D: integer conversion resulted in truncation
  		uint16_t size=
mg_width*
mg_height;
..\..\User\process\process.c(1334): warning:  #1035-D: single-precision operand implicitly converted to double-precision
         histEQU[i] = (uint16_t)(31.0 * histCDF[i] + 0.5);  
..\..\User\process\process.c(21): warning:  #177-D: variable "label" was declared but never referenced
  static uint16_t label;                      //连通?虮昙?
..\..\User\process\process.c: 54 warnings, 0 errors
compiling diskio.c...
compiling ff.c...
compiling ff_gen_drv.c...
compiling cc936.c...
linking...
Program Size: Code=28972 RO-data=9256 RW-data=52 ZI-data=3409908  
FromELF: creating hex file...
"..\..\Output\摄像头—OV2640.axf" - 0 Error(s), 65 Warning(s).

<h2>Collection of Component include folders:</h2>
  D:\MDK520workspace\F767版本\6.767（优化函数）\Project\RVMDK（uv5）\RTE
  F:\MDK520\ARM\PACK\Keil\STM32F7xx_DFP\2.7.0\Drivers\CMSIS\Device\ST\STM32F7xx\Include

<h2>Collection of Component Files used:</h2>
Build Time Elapsed:  00:01:10
</pre>
</body>
</html>
