Component: ARM Compiler 5.06 update 2 (build 183) Tool: armlink [4d35b7]

==============================================================================

Section Cross References

    startup_stm32f746xx.o(RESET) refers to startup_stm32f746xx.o(STACK) for __initial_sp
    startup_stm32f746xx.o(RESET) refers to startup_stm32f746xx.o(.text) for Reset_Handler
    startup_stm32f746xx.o(RESET) refers to stm32f7xx_it.o(i.NMI_Handler) for NMI_Handler
    startup_stm32f746xx.o(RESET) refers to stm32f7xx_it.o(i.HardFault_Handler) for HardFault_Handler
    startup_stm32f746xx.o(RESET) refers to stm32f7xx_it.o(i.MemManage_Handler) for MemManage_Handler
    startup_stm32f746xx.o(RESET) refers to stm32f7xx_it.o(i.BusFault_Handler) for BusFault_Handler
    startup_stm32f746xx.o(RESET) refers to stm32f7xx_it.o(i.UsageFault_Handler) for UsageFault_Handler
    startup_stm32f746xx.o(RESET) refers to stm32f7xx_it.o(i.SVC_Handler) for SVC_Handler
    startup_stm32f746xx.o(RESET) refers to stm32f7xx_it.o(i.DebugMon_Handler) for DebugMon_Handler
    startup_stm32f746xx.o(RESET) refers to stm32f7xx_it.o(i.PendSV_Handler) for PendSV_Handler
    startup_stm32f746xx.o(RESET) refers to stm32f7xx_it.o(i.SysTick_Handler) for SysTick_Handler
    startup_stm32f746xx.o(RESET) refers to stm32f7xx_it.o(i.DMA2_Stream1_IRQHandler) for DMA2_Stream1_IRQHandler
    startup_stm32f746xx.o(RESET) refers to stm32f7xx_it.o(i.DCMI_IRQHandler) for DCMI_IRQHandler
    startup_stm32f746xx.o(.text) refers to system_stm32f7xx.o(i.SystemInit) for SystemInit
    startup_stm32f746xx.o(.text) refers to entry.o(.ARM.Collect$$$$00000000) for __main
    system_stm32f7xx.o(i.SystemCoreClockUpdate) refers to system_stm32f7xx.o(.data) for .data
    system_stm32f7xx.o(i.SystemCoreClockUpdate) refers to system_stm32f7xx.o(.constdata) for .constdata
    stm32f7xx_hal.o(i.HAL_DeInit) refers to stm32f7xx_hal_msp_template.o(i.HAL_MspDeInit) for HAL_MspDeInit
    stm32f7xx_hal.o(i.HAL_Delay) refers to stm32f7xx_hal.o(i.HAL_GetTick) for HAL_GetTick
    stm32f7xx_hal.o(i.HAL_GetTick) refers to stm32f7xx_hal.o(.data) for .data
    stm32f7xx_hal.o(i.HAL_IncTick) refers to stm32f7xx_hal.o(.data) for .data
    stm32f7xx_hal.o(i.HAL_Init) refers to stm32f7xx_hal_cortex.o(i.HAL_NVIC_SetPriorityGrouping) for HAL_NVIC_SetPriorityGrouping
    stm32f7xx_hal.o(i.HAL_Init) refers to stm32f7xx_hal.o(i.HAL_InitTick) for HAL_InitTick
    stm32f7xx_hal.o(i.HAL_Init) refers to stm32f7xx_hal_msp_template.o(i.HAL_MspInit) for HAL_MspInit
    stm32f7xx_hal.o(i.HAL_InitTick) refers to stm32f7xx_hal_cortex.o(i.HAL_SYSTICK_Config) for HAL_SYSTICK_Config
    stm32f7xx_hal.o(i.HAL_InitTick) refers to stm32f7xx_hal_cortex.o(i.HAL_NVIC_SetPriority) for HAL_NVIC_SetPriority
    stm32f7xx_hal.o(i.HAL_InitTick) refers to system_stm32f7xx.o(.data) for SystemCoreClock
    stm32f7xx_hal_cortex.o(i.HAL_NVIC_SetPriority) refers to stm32f7xx_hal_cortex.o(i.NVIC_SetPriority) for NVIC_SetPriority
    stm32f7xx_hal_cortex.o(i.HAL_SYSTICK_Config) refers to stm32f7xx_hal_cortex.o(i.NVIC_SetPriority) for NVIC_SetPriority
    stm32f7xx_hal_cortex.o(i.HAL_SYSTICK_IRQHandler) refers to stm32f7xx_hal_cortex.o(i.HAL_SYSTICK_Callback) for HAL_SYSTICK_Callback
    stm32f7xx_hal_dcmi.o(i.DCMI_DMAError) refers to stm32f7xx_hal_dcmi.o(i.HAL_DCMI_ErrorCallback) for HAL_DCMI_ErrorCallback
    stm32f7xx_hal_dcmi.o(i.DCMI_DMAXferCplt) refers to stm32f7xx_hal_dma_ex.o(i.HAL_DMAEx_ChangeMemory) for HAL_DMAEx_ChangeMemory
    stm32f7xx_hal_dcmi.o(i.HAL_DCMI_DeInit) refers to stm32f7xx_hal_dcmi.o(i.HAL_DCMI_MspDeInit) for HAL_DCMI_MspDeInit
    stm32f7xx_hal_dcmi.o(i.HAL_DCMI_IRQHandler) refers to stm32f7xx_hal_dma.o(i.HAL_DMA_Abort_IT) for HAL_DMA_Abort_IT
    stm32f7xx_hal_dcmi.o(i.HAL_DCMI_IRQHandler) refers to stm32f7xx_hal_dcmi.o(i.HAL_DCMI_LineEventCallback) for HAL_DCMI_LineEventCallback
    stm32f7xx_hal_dcmi.o(i.HAL_DCMI_IRQHandler) refers to bsp_ov2640.o(i.HAL_DCMI_VsyncEventCallback) for HAL_DCMI_VsyncEventCallback
    stm32f7xx_hal_dcmi.o(i.HAL_DCMI_IRQHandler) refers to stm32f7xx_hal_dcmi.o(i.HAL_DCMI_FrameEventCallback) for HAL_DCMI_FrameEventCallback
    stm32f7xx_hal_dcmi.o(i.HAL_DCMI_IRQHandler) refers to stm32f7xx_hal_dcmi.o(i.DCMI_DMAError) for DCMI_DMAError
    stm32f7xx_hal_dcmi.o(i.HAL_DCMI_Init) refers to stm32f7xx_hal_dcmi.o(i.HAL_DCMI_MspInit) for HAL_DCMI_MspInit
    stm32f7xx_hal_dcmi.o(i.HAL_DCMI_Start_DMA) refers to stm32f7xx_hal_dma.o(i.HAL_DMA_Start_IT) for HAL_DMA_Start_IT
    stm32f7xx_hal_dcmi.o(i.HAL_DCMI_Start_DMA) refers to stm32f7xx_hal_dma_ex.o(i.HAL_DMAEx_MultiBufferStart_IT) for HAL_DMAEx_MultiBufferStart_IT
    stm32f7xx_hal_dcmi.o(i.HAL_DCMI_Start_DMA) refers to stm32f7xx_hal_dcmi.o(i.DCMI_DMAXferCplt) for DCMI_DMAXferCplt
    stm32f7xx_hal_dcmi.o(i.HAL_DCMI_Start_DMA) refers to stm32f7xx_hal_dcmi.o(i.DCMI_DMAError) for DCMI_DMAError
    stm32f7xx_hal_dcmi.o(i.HAL_DCMI_Stop) refers to stm32f7xx_hal_dma.o(i.HAL_DMA_Abort) for HAL_DMA_Abort
[...]
    i.DMA_CalcBaseAndBitshift                0x08000b24   Section        0  stm32f7xx_hal_dma.o(i.DMA_CalcBaseAndBitshift)
    DMA_CalcBaseAndBitshift                  0x08000b25   Thumb Code    34  stm32f7xx_hal_dma.o(i.DMA_CalcBaseAndBitshift)
    i.DMA_CheckFifoParam                     0x08000b4c   Section        0  stm32f7xx_hal_dma.o(i.DMA_CheckFifoParam)
    DMA_CheckFifoParam                       0x08000b4d   Thumb Code    84  stm32f7xx_hal_dma.o(i.DMA_CheckFifoParam)
    i.DMA_MultiBufferSetConfig               0x08000ba0   Section        0  stm32f7xx_hal_dma_ex.o(i.DMA_MultiBufferSetConfig)
    DMA_MultiBufferSetConfig                 0x08000ba1   Thumb Code    30  stm32f7xx_hal_dma_ex.o(i.DMA_MultiBufferSetConfig)
    i.DMA_SetConfig                          0x08000bbe   Section        0  stm32f7xx_hal_dma.o(i.DMA_SetConfig)
    DMA_SetConfig                            0x08000bbf   Thumb Code    40  stm32f7xx_hal_dma.o(i.DMA_SetConfig)
    i.DebugMon_Handler                       0x08000be6   Section        0  stm32f7xx_it.o(i.DebugMon_Handler)
    i.Dilation                               0x08000be8   Section        0  process.o(i.Dilation)
    i.DrawChar                               0x08000ccc   Section        0  bsp_lcd.o(i.DrawChar)
    DrawChar                                 0x08000ccd   Thumb Code   168  bsp_lcd.o(i.DrawChar)
    i.Erodation                              0x08000d7c   Section        0  process.o(i.Erodation)
    i.FMC_SDRAM_Init                         0x08000e5c   Section        0  stm32f7xx_ll_fmc.o(i.FMC_SDRAM_Init)
    i.FMC_SDRAM_ProgramRefreshRate           0x08000eba   Section        0  stm32f7xx_ll_fmc.o(i.FMC_SDRAM_ProgramRefreshRate)
    i.FMC_SDRAM_SendCommand                  0x08000ec6   Section        0  stm32f7xx_ll_fmc.o(i.FMC_SDRAM_SendCommand)
    i.FMC_SDRAM_Timing_Init                  0x08000f10   Section        0  stm32f7xx_ll_fmc.o(i.FMC_SDRAM_Timing_Init)
    i.GetGBKCode_from_EXFlash                0x08000f9c   Section        0  bsp_lcd.o(i.GetGBKCode_from_EXFlash)
    i.HAL_DCMI_ErrorCallback                 0x08000fe8   Section        0  stm32f7xx_hal_dcmi.o(i.HAL_DCMI_ErrorCallback)
    i.HAL_DCMI_FrameEventCallback            0x08000fea   Section        0  stm32f7xx_hal_dcmi.o(i.HAL_DCMI_FrameEventCallback)
    i.HAL_DCMI_IRQHandler                    0x08000fec   Section        0  stm32f7xx_hal_dcmi.o(i.HAL_DCMI_IRQHandler)
    i.HAL_DCMI_Init                          0x08001088   Section        0  stm32f7xx_hal_dcmi.o(i.HAL_DCMI_Init)
    i.HAL_DCMI_LineEventCallback             0x08001140   Section        0  stm32f7xx_hal_dcmi.o(i.HAL_DCMI_LineEventCallback)
    i.HAL_DCMI_MspInit                       0x08001142   Section        0  stm32f7xx_hal_dcmi.o(i.HAL_DCMI_MspInit)
    i.HAL_DCMI_Start_DMA                     0x08001144   Section        0  stm32f7xx_hal_dcmi.o(i.HAL_DCMI_Start_DMA)
    i.HAL_DCMI_VsyncEventCallback            0x08001200   Section        0  bsp_ov2640.o(i.HAL_DCMI_VsyncEventCallback)
    i.HAL_DMA2D_ConfigLayer                  0x08001210   Section        0  stm32f7xx_hal_dma2d.o(i.HAL_DMA2D_ConfigLayer)
    i.HAL_DMA2D_Init                         0x080012c8   Section        0  stm32f7xx_hal_dma2d.o(i.HAL_DMA2D_Init)
    i.HAL_DMA2D_MspInit                      0x08001322   Section        0  stm32f7xx_hal_dma2d.o(i.HAL_DMA2D_MspInit)
    i.HAL_DMA2D_PollForTransfer              0x08001324   Section        0  stm32f7xx_hal_dma2d.o(i.HAL_DMA2D_PollForTransfer)
    i.HAL_DMA2D_Start                        0x08001430   Section        0  stm32f7xx_hal_dma2d.o(i.HAL_DMA2D_Start)
    i.HAL_DMAEx_ChangeMemory                 0x08001464   Section        0  stm32f7xx_hal_dma_ex.o(i.HAL_DMAEx_ChangeMemory)
    i.HAL_DMAEx_MultiBufferStart_IT          0x08001474   Section        0  stm32f7xx_hal_dma_ex.o(i.HAL_DMAEx_MultiBufferStart_IT)
    i.HAL_DMA_Abort                          0x08001e04   Section        0  stm32f7xx_hal_dma.o(i.HAL_DMA_Abort)
    i.HAL_DMA_Abort_IT                       0x08001e96   Section        0  stm32f7xx_hal_dma.o(i.HAL_DMA_Abort_IT)
    i.HAL_DMA_IRQHandler                     0x08001ebc   Section        0  stm32f7xx_hal_dma.o(i.HAL_DMA_IRQHandler)
    i.HAL_DMA_Init                           0x08002064   Section        0  stm32f7xx_hal_dma.o(i.HAL_DMA_Init)
    i.HAL_DMA_Start                          0x08002144   Section        0  stm32f7xx_hal_dma.o(i.HAL_DMA_Start)
    i.HAL_DMA_Start_IT                       0x0800218e   Section        0  stm32f7xx_hal_dma.o(i.HAL_DMA_Start_IT)
    i.HAL_Delay                              0x08002208   Section        0  stm32f7xx_hal.o(i.HAL_Delay)
    i.HAL_GPIO_Init                          0x08002220   Section        0  stm32f7xx_hal_gpio.o(i.HAL_GPIO_Init)
    i.HAL_GPIO_WritePin                      0x080023f8   Section        0  stm32f7xx_hal_gpio.o(i.HAL_GPIO_WritePin)
    i.HAL_GetTick                            0x08002404   Section        0  stm32f7xx_hal.o(i.HAL_GetTick)
    i.HAL_I2C_DeInit                         0x08002410   Section        0  stm32f7xx_hal_i2c.o(i.HAL_I2C_DeInit)
    i.HAL_I2C_Init                           0x08002444   Section        0  stm32f7xx_hal_i2c.o(i.HAL_I2C_Init)
    i.HAL_I2C_Mem_Read                       0x080024f4   Section        0  stm32f7xx_hal_i2c.o(i.HAL_I2C_Mem_Read)
    i.HAL_I2C_Mem_Write                      0x08002660   Section        0  stm32f7xx_hal_i2c.o(i.HAL_I2C_Mem_Write)
    i.HAL_I2C_MspDeInit                      0x080027c8   Section        0  stm32f7xx_hal_i2c.o(i.HAL_I2C_MspDeInit)
    i.HAL_I2C_MspInit                        0x080027ca   Section        0  stm32f7xx_hal_i2c.o(i.HAL_I2C_MspInit)
    i.HAL_IncTick                            0x080027cc   Section        0  stm32f7xx_hal.o(i.HAL_IncTick)
    i.HAL_InitTick                           0x080027dc   Section        0  stm32f7xx_hal.o(i.HAL_InitTick)
    i.HAL_LTDC_ConfigLayer                   0x08002804   Section        0  stm32f7xx_hal_ltdc.o(i.HAL_LTDC_ConfigLayer)
    i.HAL_LTDC_Init                          0x08002858   Section        0  stm32f7xx_hal_ltdc.o(i.HAL_LTDC_Init)
    i.HAL_LTDC_MspInit                       0x08002958   Section        0  stm32f7xx_hal_ltdc.o(i.HAL_LTDC_MspInit)
    i.HAL_LTDC_SetAlpha                      0x0800295a   Section        0  stm32f7xx_hal_ltdc.o(i.HAL_LTDC_SetAlpha)
    i.HAL_NVIC_EnableIRQ                     0x0800299e   Section        0  stm32f7xx_hal_cortex.o(i.HAL_NVIC_EnableIRQ)
    i.HAL_NVIC_SetPriority                   0x080029b4   Section        0  stm32f7xx_hal_cortex.o(i.HAL_NVIC_SetPriority)
    i.HAL_PWREx_EnableOverDrive              0x080029f4   Section        0  stm32f7xx_hal_pwr_ex.o(i.HAL_PWREx_EnableOverDrive)
    i.HAL_QSPI_Abort                         0x08002a60   Section        0  stm32f7xx_hal_qspi.o(i.HAL_QSPI_Abort)
    i.HAL_QSPI_AutoPolling                   0x08002adc   Section        0  stm32f7xx_hal_qspi.o(i.HAL_QSPI_AutoPolling)
    i.HAL_QSPI_Command                       0x08002b88   Section        0  stm32f7xx_hal_qspi.o(i.HAL_QSPI_Command)
    i.HAL_QSPI_Init                          0x08002c10   Section        0  stm32f7xx_hal_qspi.o(i.HAL_QSPI_Init)
    i.HAL_QSPI_MspInit                       0x08002cd0   Section        0  stm32f7xx_hal_qspi.o(i.HAL_QSPI_MspInit)
    i.HAL_QSPI_Receive                       0x08002cd2   Section        0  stm32f7xx_hal_qspi.o(i.HAL_QSPI_Receive)
    i.HAL_QSPI_Transmit                      0x08002d94   Section        0  stm32f7xx_hal_qspi.o(i.HAL_QSPI_Transmit)
    i.HAL_RCCEx_PeriphCLKConfig              0x08002e50   Section        0  stm32f7xx_hal_rcc_ex.o(i.HAL_RCCEx_PeriphCLKConfig)
    i.HAL_RCC_ClockConfig                    0x08003504   Section        0  stm32f7xx_hal_rcc.o(i.HAL_RCC_ClockConfig)
    i.HAL_RCC_GetPCLK1Freq                   0x08003668   Section        0  stm32f7xx_hal_rcc.o(i.HAL_RCC_GetPCLK1Freq)
    i.HAL_RCC_GetPCLK2Freq                   0x08003698   Section        0  stm32f7xx_hal_rcc.o(i.HAL_RCC_GetPCLK2Freq)
    i.HAL_RCC_GetSysClockFreq                0x080036c8   Section        0  stm32f7xx_hal_rcc.o(i.HAL_RCC_GetSysClockFreq)
    i.HAL_RCC_OscConfig                      0x0800374c   Section        0  stm32f7xx_hal_rcc.o(i.HAL_RCC_OscConfig)
    i.HAL_SDRAM_Init                         0x08003a6c   Section        0  stm32f7xx_hal_sdram.o(i.HAL_SDRAM_Init)
    i.HAL_SDRAM_MspInit                      0x08003aae   Section        0  stm32f7xx_hal_sdram.o(i.HAL_SDRAM_MspInit)
    i.HAL_SDRAM_ProgramRefreshRate           0x08003ab0   Section        0  stm32f7xx_hal_sdram.o(i.HAL_SDRAM_ProgramRefreshRate)
    i.HAL_SDRAM_SendCommand                  0x08003ad4   Section        0  stm32f7xx_hal_sdram.o(i.HAL_SDRAM_SendCommand)
    i.HAL_SYSTICK_Config                     0x08003b04   Section        0  stm32f7xx_hal_cortex.o(i.HAL_SYSTICK_Config)
    i.HAL_UART_Init                          0x08003b2a   Section        0  stm32f7xx_hal_uart.o(i.HAL_UART_Init)
    i.HAL_UART_MspInit                       0x08003b94   Section        0  stm32f7xx_hal_uart.o(i.HAL_UART_MspInit)
    i.HAL_UART_Transmit                      0x08003b98   Section        0  stm32f7xx_hal_uart.o(i.HAL_UART_Transmit)
    i.HardFault_Handler                      0x08003c4e   Section        0  stm32f7xx_it.o(i.HardFault_Handler)
    i.I2C_Flush_TXDR                         0x08003c50   Section        0  stm32f7xx_hal_i2c.o(i.I2C_Flush_TXDR)
    I2C_Flush_TXDR                           0x08003c51   Thumb Code    34  stm32f7xx_hal_i2c.o(i.I2C_Flush_TXDR)
    i.I2C_IsAcknowledgeFailed                0x08003c74   Section        0  stm32f7xx_hal_i2c.o(i.I2C_IsAcknowledgeFailed)
    I2C_IsAcknowledgeFailed                  0x08003c75   Thumb Code   120  stm32f7xx_hal_i2c.o(i.I2C_IsAcknowledgeFailed)
    i.I2C_RequestMemoryRead                  0x08003cf0   Section        0  stm32f7xx_hal_i2c.o(i.I2C_RequestMemoryRead)
    I2C_RequestMemoryRead                    0x08003cf1   Thumb Code   110  stm32f7xx_hal_i2c.o(i.I2C_RequestMemoryRead)
    i.I2C_RequestMemoryWrite                 0x08003d5e   Section        0  stm32f7xx_hal_i2c.o(i.I2C_RequestMemoryWrite)
    I2C_RequestMemoryWrite                   0x08003d5f   Thumb Code   110  stm32f7xx_hal_i2c.o(i.I2C_RequestMemoryWrite)
    i.I2C_TransferConfig                     0x08003dcc   Section        0  stm32f7xx_hal_i2c.o(i.I2C_TransferConfig)
    I2C_TransferConfig                       0x08003dcd   Thumb Code    30  stm32f7xx_hal_i2c.o(i.I2C_TransferConfig)
    i.I2C_WaitOnFlagUntilTimeout             0x08003df0   Section        0  stm32f7xx_hal_i2c.o(i.I2C_WaitOnFlagUntilTimeout)
    I2C_WaitOnFlagUntilTimeout               0x08003df1   Thumb Code    82  stm32f7xx_hal_i2c.o(i.I2C_WaitOnFlagUntilTimeout)
    i.I2C_WaitOnSTOPFlagUntilTimeout         0x08003e42   Section        0  stm32f7xx_hal_i2c.o(i.I2C_WaitOnSTOPFlagUntilTimeout)
    I2C_WaitOnSTOPFlagUntilTimeout           0x08003e43   Thumb Code    80  stm32f7xx_hal_i2c.o(i.I2C_WaitOnSTOPFlagUntilTimeout)
    i.I2C_WaitOnTXISFlagUntilTimeout         0x08003e92   Section        0  stm32f7xx_hal_i2c.o(i.I2C_WaitOnTXISFlagUntilTimeout)
    I2C_WaitOnTXISFlagUntilTimeout           0x08003e93   Thumb Code    84  stm32f7xx_hal_i2c.o(i.I2C_WaitOnTXISFlagUntilTimeout)
    i.I2Cx_Error_Handle                      0x08003ee6   Section        0  bsp_ov2640.o(i.I2Cx_Error_Handle)
    i.LCD_Clear                              0x08003ef4   Section        0  bsp_lcd.o(i.LCD_Clear)
    i.LCD_ClearLine                          0x08003f2c   Section        0  bsp_lcd.o(i.LCD_ClearLine)
    i.LCD_DispChar_CH                        0x08003f8c   Section        0  bsp_lcd.o(i.LCD_DispChar_CH)
    i.LCD_DisplayChar                        0x0800406c   Section        0  bsp_lcd.o(i.LCD_DisplayChar)
    i.LCD_DisplayOn                          0x080040a0   Section        0  bsp_lcd.o(i.LCD_DisplayOn)
    i.LCD_DisplayStringLine_EN_CH            0x080040d0   Section        0  bsp_lcd.o(i.LCD_DisplayStringLine_EN_CH)
    i.LCD_DrawHLine                          0x08004160   Section        0  bsp_lcd.o(i.LCD_DrawHLine)
    i.LCD_DrawPixel                          0x080041dc   Section        0  bsp_lcd.o(i.LCD_DrawPixel)
    i.LCD_DrawRect                           0x08004240   Section        0  bsp_lcd.o(i.LCD_DrawRect)
    i.LCD_DrawVLine                          0x08004278   Section        0  bsp_lcd.o(i.LCD_DrawVLine)
    i.LCD_GPIO_Config                        0x08004300   Section        0  bsp_lcd.o(i.LCD_GPIO_Config)
    LCD_GPIO_Config                          0x08004301   Thumb Code   946  bsp_lcd.o(i.LCD_GPIO_Config)
    i.LCD_GetFont                            0x080046dc   Section        0  bsp_lcd.o(i.LCD_GetFont)
    i.LCD_GetXSize                           0x080046f8   Section        0  bsp_lcd.o(i.LCD_GetXSize)
    i.LCD_GetYSize                           0x08004718   Section        0  bsp_lcd.o(i.LCD_GetYSize)
    i.LCD_Init                               0x08004738   Section        0  bsp_lcd.o(i.LCD_Init)
    i.LCD_LayerInit                          0x080047f8   Section        0  bsp_lcd.o(i.LCD_LayerInit)
    i.LCD_SelectLayer                        0x08004870   Section        0  bsp_lcd.o(i.LCD_SelectLayer)
    i.LCD_SetBackColor                       0x0800487c   Section        0  bsp_lcd.o(i.LCD_SetBackColor)
    i.LCD_SetColors                          0x08004898   Section        0  bsp_lcd.o(i.LCD_SetColors)
    i.LCD_SetFont                            0x080048ac   Section        0  bsp_lcd.o(i.LCD_SetFont)
    i.LCD_SetTextColor                       0x080048c8   Section        0  bsp_lcd.o(i.LCD_SetTextColor)
    i.LCD_SetTransparency                    0x080048e0   Section        0  bsp_lcd.o(i.LCD_SetTransparency)
    i.LED_GPIO_Config                        0x080048ec   Section        0  bsp_led.o(i.LED_GPIO_Config)
    i.LL_FillBuffer                          0x08004994   Section        0  bsp_lcd.o(i.LL_FillBuffer)
    LL_FillBuffer                            0x08004995   Thumb Code   116  bsp_lcd.o(i.LL_FillBuffer)
    i.LTDC_SetConfig                         0x08004a14   Section        0  stm32f7xx_hal_ltdc.o(i.LTDC_SetConfig)
    LTDC_SetConfig                           0x08004a15   Thumb Code   464  stm32f7xx_hal_ltdc.o(i.LTDC_SetConfig)
    i.MeanFilterOper                         0x08004be4   Section        0  process.o(i.MeanFilterOper)
    i.MemManage_Handler                      0x08004c94   Section        0  stm32f7xx_it.o(i.MemManage_Handler)
    i.NMI_Handler                            0x08004c96   Section        0  stm32f7xx_it.o(i.NMI_Handler)
    i.NVIC_SetPriority                       0x08004c98   Section        0  stm32f7xx_hal_cortex.o(i.NVIC_SetPriority)
    NVIC_SetPriority                         0x08004c99   Thumb Code    34  stm32f7xx_hal_cortex.o(i.NVIC_SetPriority)
    i.OV2640_DCMI_Config                     0x08004cbc   Section        0  bsp_ov2640.o(i.OV2640_DCMI_Config)
    i.OV2640_DMA_Config                      0x08004d0c   Section        0  bsp_ov2640.o(i.OV2640_DMA_Config)
    i.OV2640_DMA_M2M_Config                  0x08004d80   Section        0  bsp_ov2640.o(i.OV2640_DMA_M2M_Config)
    i.OV2640_HW_Init                         0x08004dec   Section        0  bsp_ov2640.o(i.OV2640_HW_Init)
    i.OV2640_I2C_Init                        0x08004f9c   Section        0  bsp_ov2640.o(i.OV2640_I2C_Init)
    i.OV2640_OutSize_Set                     0x08005034   Section        0  bsp_ov2640.o(i.OV2640_OutSize_Set)
    i.OV2640_ReadID                          0x08005090   Section        0  bsp_ov2640.o(i.OV2640_ReadID)
    i.OV2640_ReadReg                         0x08005140   Section        0  bsp_ov2640.o(i.OV2640_ReadReg)
    i.OV2640_Reset                           0x08005174   Section        0  bsp_ov2640.o(i.OV2640_Reset)
    i.OV2640_UXGAConfig                      0x0800518c   Section        0  bsp_ov2640.o(i.OV2640_UXGAConfig)
    i.OV2640_WriteReg                        0x080051f0   Section        0  bsp_ov2640.o(i.OV2640_WriteReg)
    i.PendSV_Handler                         0x08005220   Section        0  stm32f7xx_it.o(i.PendSV_Handler)
    i.QSPI_AutoPollingMemReady               0x08005224   Section        0  bsp_qspi_flash.o(i.QSPI_AutoPollingMemReady)
    QSPI_AutoPollingMemReady                 0x08005225   Thumb Code    70  bsp_qspi_flash.o(i.QSPI_AutoPollingMemReady)
    i.QSPI_Config                            0x08005270   Section        0  stm32f7xx_hal_qspi.o(i.QSPI_Config)
    QSPI_Config                              0x08005271   Thumb Code   424  stm32f7xx_hal_qspi.o(i.QSPI_Config)
    i.QSPI_FLASH_Init                        0x08005418   Section        0  bsp_qspi_flash.o(i.QSPI_FLASH_Init)
    i.QSPI_ResetMemory                       0x08005540   Section        0  bsp_qspi_flash.o(i.QSPI_ResetMemory)
    QSPI_ResetMemory                         0x08005541   Thumb Code    78  bsp_qspi_flash.o(i.QSPI_ResetMemory)
    i.QSPI_WaitFlagStateUntilTimeout         0x08005594   Section        0  stm32f7xx_hal_qspi.o(i.QSPI_WaitFlagStateUntilTimeout)
    QSPI_WaitFlagStateUntilTimeout           0x08005595   Thumb Code    72  stm32f7xx_hal_qspi.o(i.QSPI_WaitFlagStateUntilTimeout)
    i.QSPI_WriteEnable                       0x080055dc   Section        0  bsp_qspi_flash.o(i.QSPI_WriteEnable)
    QSPI_WriteEnable                         0x080055dd   Thumb Code    98  bsp_qspi_flash.o(i.QSPI_WriteEnable)
    i.RGB565_to_Gray                         0x08005644   Section        0  process.o(i.RGB565_to_Gray)
    i.SDRAM_GPIO_Config                      0x08005670   Section        0  bsp_sdram.o(i.SDRAM_GPIO_Config)
    SDRAM_GPIO_Config                        0x08005671   Thumb Code  1122  bsp_sdram.o(i.SDRAM_GPIO_Config)
    i.SDRAM_Init                             0x08005adc   Section        0  bsp_sdram.o(i.SDRAM_Init)
    i.SDRAM_InitSequence                     0x08005b50   Section        0  bsp_sdram.o(i.SDRAM_InitSequence)
    SDRAM_InitSequence                       0x08005b51   Thumb Code   130  bsp_sdram.o(i.SDRAM_InitSequence)
    i.SVC_Handler                            0x08005bdc   Section        0  stm32f7xx_it.o(i.SVC_Handler)
    i.SysTick_Handler                        0x08005be0   Section        0  stm32f7xx_it.o(i.SysTick_Handler)
    i.SystemInit                             0x08005c08   Section        0  system_stm32f7xx.o(i.SystemInit)
    i.UART_AdvFeatureConfig                  0x08005c5c   Section        0  stm32f7xx_hal_uart.o(i.UART_AdvFeatureConfig)
    i.UART_CheckIdleState                    0x08005d24   Section        0  stm32f7xx_hal_uart.o(i.UART_CheckIdleState)
    i.UART_SetConfig                         0x08005d80   Section        0  stm32f7xx_hal_uart.o(i.UART_SetConfig)
    i.UART_WaitOnFlagUntilTimeout            0x08005fd8   Section        0  stm32f7xx_hal_uart.o(i.UART_WaitOnFlagUntilTimeout)
    i.UsageFault_Handler                     0x0800603c   Section        0  stm32f7xx_it.o(i.UsageFault_Handler)
    i.__0printf                              0x08006040   Section        0  printfa.o(i.__0printf)
    i.__0sprintf                             0x08006060   Section        0  printfa.o(i.__0sprintf)
    i.__scatterload_copy                     0x08006088   Section       14  handlers.o(i.__scatterload_copy)
    i.__scatterload_null                     0x08006096   Section        2  handlers.o(i.__scatterload_null)
    i.__scatterload_zeroinit                 0x08006098   Section       14  handlers.o(i.__scatterload_zeroinit)
    i._fp_digits                             0x080060a8   Section        0  printfa.o(i._fp_digits)
    _fp_digits                               0x080060a9   Thumb Code   334  printfa.o(i._fp_digits)
    i._printf_core                           0x0800620c   Section        0  printfa.o(i._printf_core)
    _printf_core                             0x0800620d   Thumb Code  1744  printfa.o(i._printf_core)
    i._printf_post_padding                   0x080068e8   Section        0  printfa.o(i._printf_post_padding)
    _printf_post_padding                     0x080068e9   Thumb Code    36  printfa.o(i._printf_post_padding)
    i._printf_pre_padding                    0x0800690c   Section        0  printfa.o(i._printf_pre_padding)
    _printf_pre_padding                      0x0800690d   Thumb Code    46  printfa.o(i._printf_pre_padding)
    i._sputc                                 0x0800693a   Section        0  printfa.o(i._sputc)
    _sputc                                   0x0800693b   Thumb Code    10  printfa.o(i._sputc)
    i.distance                               0x08006944   Section        0  process.o(i.distance)
    i.fputc                                  0x0800697c   Section        0  bsp_debug_usart.o(i.fputc)
    i.get_newimage                           0x08006994   Section        0  process.o(i.get_newimage)
    i.label_extract                          0x08006b04   Section        0  process.o(i.label_extract)
    i.labelset                               0x08006ba0   Section        0  process.o(i.labelset)
    i.main                                   0x08006ca4   Section        0  main.o(i.main)
    i.mylabel                                0x08006fe4   Section        0  process.o(i.mylabel)
    i.otsuThreshold                          0x0800707c   Section        0  process.o(i.otsuThreshold)
    i.point2                                 0x08007234   Section        0  process.o(i.point2)
    .constdata                               0x080072f4   Section       16  system_stm32f7xx.o(.constdata)
    .constdata                               0x08007304   Section        8  system_stm32f7xx.o(.constdata)
    .constdata                               0x0800730c   Section        8  stm32f7xx_hal_dma.o(.constdata)
    flagBitshiftOffset                       0x0800730c   Data           8  stm32f7xx_hal_dma.o(.constdata)
    .constdata                               0x08007314   Section     6840  bsp_lcd.o(.constdata)
    .constdata                               0x08008dcc   Section     1826  bsp_ov2640.o(.constdata)
    .conststring                             0x080094f0   Section       65  bsp_ov2640.o(.conststring)
    .data                                    0x20010000   Section        4  system_stm32f7xx.o(.data)
    .data                                    0x20010004   Section        4  stm32f7xx_hal.o(.data)
    .data                                    0x20010008   Section        1  main.o(.data)
    .data                                    0x2001000c   Section       20  main.o(.data)
    .data                                    0x20010020   Section       16  bsp_lcd.o(.data)
    everRead                                 0x20010020   Data           1  bsp_lcd.o(.data)
    ActiveLayer                              0x20010024   Data           4  bsp_lcd.o(.data)
    .data                                    0x20010030   Section        4  stdout.o(.data)
    .bss                                     0x20010034   Section       12  main.o(.bss)
    .bss                                     0x20010040   Section      100  main.o(.bss)
    .bss                                     0x200100a4   Section       68  bsp_sdram.o(.bss)
    Command                                  0x200100a4   Data          16  bsp_sdram.o(.bss)
    .bss                                     0x200100e8   Section      112  bsp_debug_usart.o(.bss)
    .bss                                     0x20010158   Section      388  bsp_lcd.o(.bss)
    periph_clk_init_struct                   0x20010158   Data         132  bsp_lcd.o(.bss)
    Ltdc_Handler                             0x200101dc   Data         168  bsp_lcd.o(.bss)
    Dma2d_Handler                            0x20010284   Data          64  bsp_lcd.o(.bss)
    DrawProp                                 0x200102c4   Data          24  bsp_lcd.o(.bss)
    .bss                                     0x200102dc   Section       68  bsp_qspi_flash.o(.bss)
    .bss                                     0x20010320   Section      252  bsp_ov2640.o(.bss)
    STACK                                    0x20010420   Section     1024  startup_stm32f746xx.o(STACK)
    .ARM.__AT_0xD0300000                     0xd0300000   Section    768000  process.o(.ARM.__AT_0xD0300000)
    .ARM.__AT_0xD0400000                     0xd0400000   Section    768000  process.o(.ARM.__AT_0xD0400000)
    .ARM.__AT_0xD0500000                     0xd0500000   Section    768000  process.o(.ARM.__AT_0xD0500000)
    .ARM.__AT_0xD0600000                     0xd0600000   Section    768000  process.o(.ARM.__AT_0xD0600000)
    .ARM.__AT_0xD0700000                     0xd0700000   Section    335880  process.o(.ARM.__AT_0xD0700000)

    Global Symbols

    Symbol Name                              Value     Ov Type        Size  Object(Section)

    BuildAttributes$$THM_ISAv4$E$P$D$K$B$S$7EM$VFPi5$EXTD16$VFPS$VFMA$PE$PLD8$A:L22UL41UL21$X:L11$S22US41US21$IEEE1$IW$USESV6$~STKCKD$USESV7$~SHL$OTIME$ROPI$IEEEX$EBA8$MICROLIB$REQ8$PRES8$EABIv2 0x00000000   Number         0  anon$$obj.o ABSOLUTE
    __ARM_use_no_argv                        0x00000000   Number         0  main.o ABSOLUTE
    _printf_a                                0x00000000   Number         0  stubs.o ABSOLUTE
    _printf_c                                0x00000000   Number         0  stubs.o ABSOLUTE
    _printf_charcount                        0x00000000   Number         0  stubs.o ABSOLUTE
    _printf_d                                0x00000000   Number         0  stubs.o ABSOLUTE
    _printf_e                                0x00000000   Number         0  stubs.o ABSOLUTE
    _printf_f                                0x00000000   Number         0  stubs.o ABSOLUTE
    _printf_flags                            0x00000000   Number         0  stubs.o ABSOLUTE
    _printf_fp_dec                           0x00000000   Number         0  stubs.o ABSOLUTE
    _printf_fp_hex                           0x00000000   Number         0  stubs.o ABSOLUTE
    _printf_g                                0x00000000   Number         0  stubs.o ABSOLUTE
    _printf_i                                0x00000000   Number         0  stubs.o ABSOLUTE
    _printf_int_dec                          0x00000000   Number         0  stubs.o ABSOLUTE
    _printf_l                                0x00000000   Number         0  stubs.o ABSOLUTE
    _printf_lc                               0x00000000   Number         0  stubs.o ABSOLUTE
    _printf_ll                               0x00000000   Number         0  stubs.o ABSOLUTE
    _printf_lld                              0x00000000   Number         0  stubs.o ABSOLUTE
    _printf_lli                              0x00000000   Number         0  stubs.o ABSOLUTE
    _printf_llo                              0x00000000   Number         0  stubs.o ABSOLUTE
    _printf_llu                              0x00000000   Number         0  stubs.o ABSOLUTE
    _printf_llx                              0x00000000   Number         0  stubs.o ABSOLUTE
    _printf_longlong_dec                     0x00000000   Number         0  stubs.o ABSOLUTE
    _printf_longlong_hex                     0x00000000   Number         0  stubs.o ABSOLUTE
    _printf_longlong_oct                     0x00000000   Number         0  stubs.o ABSOLUTE
    _printf_ls                               0x00000000   Number         0  stubs.o ABSOLUTE
    _printf_mbtowc                           0x00000000   Number         0  stubs.o ABSOLUTE
    _printf_n                                0x00000000   Number         0  stubs.o ABSOLUTE
    _printf_o                                0x00000000   Number         0  stubs.o ABSOLUTE
    _printf_p                                0x00000000   Number         0  stubs.o ABSOLUTE
    _printf_percent                          0x00000000   Number         0  stubs.o ABSOLUTE
    _printf_pre_padding                      0x00000000   Number         0  stubs.o ABSOLUTE
    _printf_return_value                     0x00000000   Number         0  stubs.o ABSOLUTE
    _printf_s                                0x00000000   Number         0  stubs.o ABSOLUTE
    _printf_sizespec                         0x00000000   Number         0  stubs.o ABSOLUTE
    _printf_str                              0x00000000   Number         0  stubs.o ABSOLUTE
    _printf_truncate_signed                  0x00000000   Number         0  stubs.o ABSOLUTE
    _printf_truncate_unsigned                0x00000000   Number         0  stubs.o ABSOLUTE
    _printf_u                                0x00000000   Number         0  stubs.o ABSOLUTE
    _printf_wc                               0x00000000   Number         0  stubs.o ABSOLUTE
    _printf_wctomb                           0x00000000   Number         0  stubs.o ABSOLUTE
    _printf_widthprec                        0x00000000   Number         0  stubs.o ABSOLUTE
    _printf_x                                0x00000000   Number         0  stubs.o ABSOLUTE
    __cpp_initialize__aeabi_                  - Undefined Weak Reference
    __cxa_finalize                            - Undefined Weak Reference
    __decompress                              - Undefined Weak Reference
    _clock_init                               - Undefined Weak Reference
    _microlib_exit                            - Undefined Weak Reference
    __Vectors_Size                           0x000001c8   Number         0  startup_stm32f746xx.o ABSOLUTE
    __Vectors                                0x08000000   Data           4  startup_stm32f746xx.o(RESET)
    __Vectors_End                            0x080001c8   Data           0  startup_stm32f746xx.o(RESET)
    __main                                   0x080001c9   Thumb Code     0  entry.o(.ARM.Collect$$$$00000000)
    _main_stk                                0x080001c9   Thumb Code     0  entry2.o(.ARM.Collect$$$$00000001)
    _main_scatterload                        0x080001cd   Thumb Code     0  entry5.o(.ARM.Collect$$$$00000004)
    __main_after_scatterload                 0x080001d1   Thumb Code     0  entry5.o(.ARM.Collect$$$$00000004)
    _main_clock                              0x080001d1   Thumb Code     0  entry7b.o(.ARM.Collect$$$$00000008)
    _main_cpp_init                           0x080001d1   Thumb Code     0  entry8b.o(.ARM.Collect$$$$0000000A)
    _main_init                               0x080001d1   Thumb Code     0  entry9a.o(.ARM.Collect$$$$0000000B)
    __rt_final_cpp                           0x080001d9   Thumb Code     0  entry10a.o(.ARM.Collect$$$$0000000D)
    __rt_final_exit                          0x080001d9   Thumb Code     0  entry11a.o(.ARM.Collect$$$$0000000F)
    Reset_Handler                            0x080001dd   Thumb Code     8  startup_stm32f746xx.o(.text)
    ADC_IRQHandler                           0x080001f7   Thumb Code     0  startup_stm32f746xx.o(.text)
    CAN1_RX0_IRQHandler                      0x080001f7   Thumb Code     0  startup_stm32f746xx.o(.text)
    CAN1_RX1_IRQHandler                      0x080001f7   Thumb Code     0  startup_stm32f746xx.o(.text)
    CAN1_SCE_IRQHandler                      0x080001f7   Thumb Code     0  startup_stm32f746xx.o(.text)
    CAN1_TX_IRQHandler                       0x080001f7   Thumb Code     0  startup_stm32f746xx.o(.text)
    CAN2_RX0_IRQHandler                      0x080001f7   Thumb Code     0  startup_stm32f746xx.o(.text)
    CAN2_RX1_IRQHandler                      0x080001f7   Thumb Code     0  startup_stm32f746xx.o(.text)
    CAN2_SCE_IRQHandler                      0x080001f7   Thumb Code     0  startup_stm32f746xx.o(.text)
    CAN2_TX_IRQHandler                       0x080001f7   Thumb Code     0  startup_stm32f746xx.o(.text)
    CEC_IRQHandler                           0x080001f7   Thumb Code     0  startup_stm32f746xx.o(.text)
    DMA1_Stream0_IRQHandler                  0x080001f7   Thumb Code     0  startup_stm32f746xx.o(.text)
    DMA1_Stream1_IRQHandler                  0x080001f7   Thumb Code     0  startup_stm32f746xx.o(.text)
    DMA1_Stream2_IRQHandler                  0x080001f7   Thumb Code     0  startup_stm32f746xx.o(.text)
    DMA1_Stream3_IRQHandler                  0x080001f7   Thumb Code     0  startup_stm32f746xx.o(.text)
    DMA1_Stream4_IRQHandler                  0x080001f7   Thumb Code     0  startup_stm32f746xx.o(.text)
    DMA1_Stream5_IRQHandler                  0x080001f7   Thumb Code     0  startup_stm32f746xx.o(.text)
    DMA1_Stream6_IRQHandler                  0x080001f7   Thumb Code     0  startup_stm32f746xx.o(.text)
    DMA1_Stream7_IRQHandler                  0x080001f7   Thumb Code     0  startup_stm32f746xx.o(.text)
    DMA2D_IRQHandler                         0x080001f7   Thumb Code     0  startup_stm32f746xx.o(.text)
    DMA2_Stream0_IRQHandler                  0x080001f7   Thumb Code     0  startup_stm32f746xx.o(.text)
    DMA2_Stream2_IRQHandler                  0x080001f7   Thumb Code     0  startup_stm32f746xx.o(.text)
    DMA2_Stream3_IRQHandler                  0x080001f7   Thumb Code     0  startup_stm32f746xx.o(.text)
    DMA2_Stream4_IRQHandler                  0x080001f7   Thumb Code     0  startup_stm32f746xx.o(.text)
    DMA2_Stream5_IRQHandler                  0x080001f7   Thumb Code     0  startup_stm32f746xx.o(.text)
    DMA2_Stream6_IRQHandler                  0x080001f7   Thumb Code     0  startup_stm32f746xx.o(.text)
    DMA2_Stream7_IRQHandler                  0x080001f7   Thumb Code     0  startup_stm32f746xx.o(.text)
    ETH_IRQHandler                           0x080001f7   Thumb Code     0  startup_stm32f746xx.o(.text)
    ETH_WKUP_IRQHandler                      0x080001f7   Thumb Code     0  startup_stm32f746xx.o(.text)
    EXTI0_IRQHandler                         0x080001f7   Thumb Code     0  startup_stm32f746xx.o(.text)
    EXTI15_10_IRQHandler                     0x080001f7   Thumb Code     0  startup_stm32f746xx.o(.text)
    EXTI1_IRQHandler                         0x080001f7   Thumb Code     0  startup_stm32f746xx.o(.text)
    EXTI2_IRQHandler                         0x080001f7   Thumb Code     0  startup_stm32f746xx.o(.text)
    EXTI3_IRQHandler                         0x080001f7   Thumb Code     0  startup_stm32f746xx.o(.text)
    EXTI4_IRQHandler                         0x080001f7   Thumb Code     0  startup_stm32f746xx.o(.text)
    EXTI9_5_IRQHandler                       0x080001f7   Thumb Code     0  startup_stm32f746xx.o(.text)
    FLASH_IRQHandler                         0x080001f7   Thumb Code     0  startup_stm32f746xx.o(.text)
    FMC_IRQHandler                           0x080001f7   Thumb Code     0  startup_stm32f746xx.o(.text)
    FPU_IRQHandler                           0x080001f7   Thumb Code     0  startup_stm32f746xx.o(.text)
    I2C1_ER_IRQHandler                       0x080001f7   Thumb Code     0  startup_stm32f746xx.o(.text)
    I2C1_EV_IRQHandler                       0x080001f7   Thumb Code     0  startup_stm32f746xx.o(.text)
    I2C2_ER_IRQHandler                       0x080001f7   Thumb Code     0  startup_stm32f746xx.o(.text)
    I2C2_EV_IRQHandler                       0x080001f7   Thumb Code     0  startup_stm32f746xx.o(.text)
    I2C3_ER_IRQHandler                       0x080001f7   Thumb Code     0  startup_stm32f746xx.o(.text)
    I2C3_EV_IRQHandler                       0x080001f7   Thumb Code     0  startup_stm32f746xx.o(.text)
    I2C4_ER_IRQHandler                       0x080001f7   Thumb Code     0  startup_stm32f746xx.o(.text)
    I2C4_EV_IRQHandler                       0x080001f7   Thumb Code     0  startup_stm32f746xx.o(.text)
    LPTIM1_IRQHandler                        0x080001f7   Thumb Code     0  startup_stm32f746xx.o(.text)
    LTDC_ER_IRQHandler                       0x080001f7   Thumb Code     0  startup_stm32f746xx.o(.text)
    LTDC_IRQHandler                          0x080001f7   Thumb Code     0  startup_stm32f746xx.o(.text)
    OTG_FS_IRQHandler                        0x080001f7   Thumb Code     0  startup_stm32f746xx.o(.text)
    OTG_FS_WKUP_IRQHandler                   0x080001f7   Thumb Code     0  startup_stm32f746xx.o(.text)
    OTG_HS_EP1_IN_IRQHandler                 0x080001f7   Thumb Code     0  startup_stm32f746xx.o(.text)
    OTG_HS_EP1_OUT_IRQHandler                0x080001f7   Thumb Code     0  startup_stm32f746xx.o(.text)
    OTG_HS_IRQHandler                        0x080001f7   Thumb Code     0  startup_stm32f746xx.o(.text)
    OTG_HS_WKUP_IRQHandler                   0x080001f7   Thumb Code     0  startup_stm32f746xx.o(.text)
    PVD_IRQHandler                           0x080001f7   Thumb Code     0  startup_stm32f746xx.o(.text)
    QUADSPI_IRQHandler                       0x080001f7   Thumb Code     0  startup_stm32f746xx.o(.text)
    RCC_IRQHandler                           0x080001f7   Thumb Code     0  startup_stm32f746xx.o(.text)
    RNG_IRQHandler                           0x080001f7   Thumb Code     0  startup_stm32f746xx.o(.text)
    RTC_Alarm_IRQHandler                     0x080001f7   Thumb Code     0  startup_stm32f746xx.o(.text)
    RTC_WKUP_IRQHandler                      0x080001f7   Thumb Code     0  startup_stm32f746xx.o(.text)
    SAI1_IRQHandler                          0x080001f7   Thumb Code     0  startup_stm32f746xx.o(.text)
    SAI2_IRQHandler                          0x080001f7   Thumb Code     0  startup_stm32f746xx.o(.text)
    SDMMC1_IRQHandler                        0x080001f7   Thumb Code     0  startup_stm32f746xx.o(.text)
    SPDIF_RX_IRQHandler                      0x080001f7   Thumb Code     0  startup_stm32f746xx.o(.text)
    SPI1_IRQHandler                          0x080001f7   Thumb Code     0  startup_stm32f746xx.o(.text)
    SPI2_IRQHandler                          0x080001f7   Thumb Code     0  startup_stm32f746xx.o(.text)
    SPI3_IRQHandler                          0x080001f7   Thumb Code     0  startup_stm32f746xx.o(.text)
    SPI4_IRQHandler                          0x080001f7   Thumb Code     0  startup_stm32f746xx.o(.text)
    SPI5_IRQHandler                          0x080001f7   Thumb Code     0  startup_stm32f746xx.o(.text)
    SPI6_IRQHandler                          0x080001f7   Thumb Code     0  startup_stm32f746xx.o(.text)
    TAMP_STAMP_IRQHandler                    0x080001f7   Thumb Code     0  startup_stm32f746xx.o(.text)
    TIM1_BRK_TIM9_IRQHandler                 0x080001f7   Thumb Code     0  startup_stm32f746xx.o(.text)
    TIM1_CC_IRQHandler                       0x080001f7   Thumb Code     0  startup_stm32f746xx.o(.text)
    TIM1_TRG_COM_TIM11_IRQHandler            0x080001f7   Thumb Code     0  startup_stm32f746xx.o(.text)
    TIM1_UP_TIM10_IRQHandler                 0x080001f7   Thumb Code     0  startup_stm32f746xx.o(.text)
    TIM2_IRQHandler                          0x080001f7   Thumb Code     0  startup_stm32f746xx.o(.text)
    TIM3_IRQHandler                          0x080001f7   Thumb Code     0  startup_stm32f746xx.o(.text)
    TIM4_IRQHandler                          0x080001f7   Thumb Code     0  startup_stm32f746xx.o(.text)
    TIM5_IRQHandler                          0x080001f7   Thumb Code     0  startup_stm32f746xx.o(.text)
    TIM6_DAC_IRQHandler                      0x080001f7   Thumb Code     0  startup_stm32f746xx.o(.text)
    TIM7_IRQHandler                          0x080001f7   Thumb Code     0  startup_stm32f746xx.o(.text)
    TIM8_BRK_TIM12_IRQHandler                0x080001f7   Thumb Code     0  startup_stm32f746xx.o(.text)
    TIM8_CC_IRQHandler                       0x080001f7   Thumb Code     0  startup_stm32f746xx.o(.text)
    TIM8_TRG_COM_TIM14_IRQHandler            0x080001f7   Thumb Code     0  startup_stm32f746xx.o(.text)
    TIM8_UP_TIM13_IRQHandler                 0x080001f7   Thumb Code     0  startup_stm32f746xx.o(.text)
    UART4_IRQHandler                         0x080001f7   Thumb Code     0  startup_stm32f746xx.o(.text)
    UART5_IRQHandler                         0x080001f7   Thumb Code     0  startup_stm32f746xx.o(.text)
    UART7_IRQHandler                         0x080001f7   Thumb Code     0  startup_stm32f746xx.o(.text)
    UART8_IRQHandler                         0x080001f7   Thumb Code     0  startup_stm32f746xx.o(.text)
    USART1_IRQHandler                        0x080001f7   Thumb Code     0  startup_stm32f746xx.o(.text)
    USART2_IRQHandler                        0x080001f7   Thumb Code     0  startup_stm32f746xx.o(.text)
    USART3_IRQHandler                        0x080001f7   Thumb Code     0  startup_stm32f746xx.o(.text)
    USART6_IRQHandler                        0x080001f7   Thumb Code     0  startup_stm32f746xx.o(.text)
    WWDG_IRQHandler                          0x080001f7   Thumb Code     0  startup_stm32f746xx.o(.text)
    __aeabi_memcpy                           0x08000201   Thumb Code    36  memcpya.o(.text)
    __aeabi_memcpy4                          0x08000201   Thumb Code     0  memcpya.o(.text)
    __aeabi_memcpy8                          0x08000201   Thumb Code     0  memcpya.o(.text)
    __aeabi_dadd                             0x08000225   Thumb Code   322  dadd.o(.text)
    __aeabi_dsub                             0x08000367   Thumb Code     6  dadd.o(.text)
    __aeabi_drsub                            0x0800036d   Thumb Code     6  dadd.o(.text)
    __aeabi_dmul                             0x08000373   Thumb Code   228  dmul.o(.text)
    __aeabi_ddiv                             0x08000457   Thumb Code   222  ddiv.o(.text)
    __aeabi_i2d                              0x08000535   Thumb Code    34  dflti.o(.text)
    __aeabi_ui2d                             0x08000557   Thumb Code    26  dfltui.o(.text)
    __aeabi_f2d                              0x08000571   Thumb Code    38  f2d.o(.text)
    __aeabi_cdcmpeq                          0x08000599   Thumb Code     0  cdcmple.o(.text)
    __aeabi_cdcmple                          0x08000599   Thumb Code    48  cdcmple.o(.text)
    __aeabi_cdrcmple                         0x080005c9   Thumb Code    48  cdrcmple.o(.text)
    __aeabi_uidiv                            0x080005f9   Thumb Code     0  uidiv.o(.text)
    __aeabi_uidivmod                         0x080005f9   Thumb Code    44  uidiv.o(.text)
    __aeabi_uldivmod                         0x08000625   Thumb Code    98  uldiv.o(.text)
    __aeabi_llsl                             0x08000687   Thumb Code    30  llshl.o(.text)
    _ll_shift_l                              0x08000687   Thumb Code     0  llshl.o(.text)
    __aeabi_llsr                             0x080006a5   Thumb Code    32  llushr.o(.text)
    _ll_ushift_r                             0x080006a5   Thumb Code     0  llushr.o(.text)
    __aeabi_lasr                             0x080006c5   Thumb Code    36  llsshr.o(.text)
    _ll_sshift_r                             0x080006c5   Thumb Code     0  llsshr.o(.text)
    __I$use$fp                               0x080006e9   Thumb Code     0  iusefp.o(.text)
    _double_round                            0x080006e9   Thumb Code    30  depilogue.o(.text)
    _double_epilogue                         0x08000707   Thumb Code   156  depilogue.o(.text)
    __aeabi_d2ulz                            0x080007a3   Thumb Code    48  dfixul.o(.text)
    __scatterload                            0x080007d5   Thumb Code    28  init.o(.text)
    __scatterload_rt2                        0x080007d5   Thumb Code     0  init.o(.text)
    BSP_QSPI_Init                            0x080007f9   Thumb Code   104  bsp_qspi_flash.o(i.BSP_QSPI_Init)
    BSP_QSPI_Read                            0x08000865   Thumb Code   112  bsp_qspi_flash.o(i.BSP_QSPI_Read)
    BusFault_Handler                         0x080008dd   Thumb Code     2  stm32f7xx_it.o(i.BusFault_Handler)
    DCMI_IRQHandler                          0x08000985   Thumb Code     6  stm32f7xx_it.o(i.DCMI_IRQHandler)
    DCMI_Start                               0x08000991   Thumb Code    24  bsp_ov2640.o(i.DCMI_Start)
    DEBUG_USART_Config                       0x080009b1   Thumb Code   182  bsp_debug_usart.o(i.DEBUG_USART_Config)
    DMA2_Stream1_IRQHandler                  0x08000b19   Thumb Code     6  stm32f7xx_it.o(i.DMA2_Stream1_IRQHandler)
    DebugMon_Handler                         0x08000be7   Thumb Code     2  stm32f7xx_it.o(i.DebugMon_Handler)
    Dilation                                 0x08000be9   Thumb Code   218  process.o(i.Dilation)
    Erodation                                0x08000d7d   Thumb Code   216  process.o(i.Erodation)
    FMC_SDRAM_Init                           0x08000e5d   Thumb Code    94  stm32f7xx_ll_fmc.o(i.FMC_SDRAM_Init)
    FMC_SDRAM_ProgramRefreshRate             0x08000ebb   Thumb Code    12  stm32f7xx_ll_fmc.o(i.FMC_SDRAM_ProgramRefreshRate)
    FMC_SDRAM_SendCommand                    0x08000ec7   Thumb Code    72  stm32f7xx_ll_fmc.o(i.FMC_SDRAM_SendCommand)
    FMC_SDRAM_Timing_Init                    0x08000f11   Thumb Code   134  stm32f7xx_ll_fmc.o(i.FMC_SDRAM_Timing_Init)
    GetGBKCode_from_EXFlash                  0x08000f9d   Thumb Code    70  bsp_lcd.o(i.GetGBKCode_from_EXFlash)
    HAL_DCMI_ErrorCallback                   0x08000fe9   Thumb Code     2  stm32f7xx_hal_dcmi.o(i.HAL_DCMI_ErrorCallback)
    HAL_DCMI_FrameEventCallback              0x08000feb   Thumb Code     2  stm32f7xx_hal_dcmi.o(i.HAL_DCMI_FrameEventCallback)
    HAL_DCMI_IRQHandler                      0x08000fed   Thumb Code   152  stm32f7xx_hal_dcmi.o(i.HAL_DCMI_IRQHandler)
    HAL_DCMI_Init                            0x08001089   Thumb Code   180  stm32f7xx_hal_dcmi.o(i.HAL_DCMI_Init)
    HAL_DCMI_LineEventCallback               0x08001141   Thumb Code     2  stm32f7xx_hal_dcmi.o(i.HAL_DCMI_LineEventCallback)
    HAL_DCMI_MspInit                         0x08001143   Thumb Code     2  stm32f7xx_hal_dcmi.o(i.HAL_DCMI_MspInit)
    HAL_DCMI_Start_DMA                       0x08001145   Thumb Code   178  stm32f7xx_hal_dcmi.o(i.HAL_DCMI_Start_DMA)
    HAL_DCMI_VsyncEventCallback              0x08001201   Thumb Code    10  bsp_ov2640.o(i.HAL_DCMI_VsyncEventCallback)
    HAL_DMA2D_ConfigLayer                    0x08001211   Thumb Code   180  stm32f7xx_hal_dma2d.o(i.HAL_DMA2D_ConfigLayer)
    HAL_DMA2D_Init                           0x080012c9   Thumb Code    90  stm32f7xx_hal_dma2d.o(i.HAL_DMA2D_Init)
    HAL_DMA2D_MspInit                        0x08001323   Thumb Code     2  stm32f7xx_hal_dma2d.o(i.HAL_DMA2D_MspInit)
    HAL_DMA2D_PollForTransfer                0x08001325   Thumb Code   268  stm32f7xx_hal_dma2d.o(i.HAL_DMA2D_PollForTransfer)
    HAL_DMA2D_Start                          0x08001431   Thumb Code    52  stm32f7xx_hal_dma2d.o(i.HAL_DMA2D_Start)
    HAL_DMAEx_ChangeMemory                   0x08001465   Thumb Code    14  stm32f7xx_hal_dma_ex.o(i.HAL_DMAEx_ChangeMemory)
    HAL_DMAEx_MultiBufferStart_IT            0x08001475   Thumb Code  2436  stm32f7xx_hal_dma_ex.o(i.HAL_DMAEx_MultiBufferStart_IT)
    HAL_DMA_Abort                            0x08001e05   Thumb Code   146  stm32f7xx_hal_dma.o(i.HAL_DMA_Abort)
    HAL_DMA_Abort_IT                         0x08001e97   Thumb Code    36  stm32f7xx_hal_dma.o(i.HAL_DMA_Abort_IT)
    HAL_DMA_IRQHandler                       0x08001ebd   Thumb Code   414  stm32f7xx_hal_dma.o(i.HAL_DMA_IRQHandler)
    HAL_DMA_Init                             0x08002065   Thumb Code   218  stm32f7xx_hal_dma.o(i.HAL_DMA_Init)
    HAL_DMA_Start                            0x08002145   Thumb Code    74  stm32f7xx_hal_dma.o(i.HAL_DMA_Start)
    HAL_DMA_Start_IT                         0x0800218f   Thumb Code   122  stm32f7xx_hal_dma.o(i.HAL_DMA_Start_IT)
    HAL_Delay                                0x08002209   Thumb Code    22  stm32f7xx_hal.o(i.HAL_Delay)
    HAL_GPIO_Init                            0x08002221   Thumb Code   418  stm32f7xx_hal_gpio.o(i.HAL_GPIO_Init)
    HAL_GPIO_WritePin                        0x080023f9   Thumb Code    10  stm32f7xx_hal_gpio.o(i.HAL_GPIO_WritePin)
    HAL_GetTick                              0x08002405   Thumb Code     6  stm32f7xx_hal.o(i.HAL_GetTick)
    HAL_I2C_DeInit                           0x08002411   Thumb Code    52  stm32f7xx_hal_i2c.o(i.HAL_I2C_DeInit)
    HAL_I2C_Init                             0x08002445   Thumb Code   172  stm32f7xx_hal_i2c.o(i.HAL_I2C_Init)
    HAL_I2C_Mem_Read                         0x080024f5   Thumb Code   360  stm32f7xx_hal_i2c.o(i.HAL_I2C_Mem_Read)
    HAL_I2C_Mem_Write                        0x08002661   Thumb Code   354  stm32f7xx_hal_i2c.o(i.HAL_I2C_Mem_Write)
    HAL_I2C_MspDeInit                        0x080027c9   Thumb Code     2  stm32f7xx_hal_i2c.o(i.HAL_I2C_MspDeInit)
    HAL_I2C_MspInit                          0x080027cb   Thumb Code     2  stm32f7xx_hal_i2c.o(i.HAL_I2C_MspInit)
    HAL_IncTick                              0x080027cd   Thumb Code    10  stm32f7xx_hal.o(i.HAL_IncTick)
    HAL_InitTick                             0x080027dd   Thumb Code    34  stm32f7xx_hal.o(i.HAL_InitTick)
    HAL_LTDC_ConfigLayer                     0x08002805   Thumb Code    82  stm32f7xx_hal_ltdc.o(i.HAL_LTDC_ConfigLayer)
    HAL_LTDC_Init                            0x08002859   Thumb Code   252  stm32f7xx_hal_ltdc.o(i.HAL_LTDC_Init)
    HAL_LTDC_MspInit                         0x08002959   Thumb Code     2  stm32f7xx_hal_ltdc.o(i.HAL_LTDC_MspInit)
    HAL_LTDC_SetAlpha                        0x0800295b   Thumb Code    68  stm32f7xx_hal_ltdc.o(i.HAL_LTDC_SetAlpha)
    HAL_NVIC_EnableIRQ                       0x0800299f   Thumb Code    22  stm32f7xx_hal_cortex.o(i.HAL_NVIC_EnableIRQ)
    HAL_NVIC_SetPriority                     0x080029b5   Thumb Code    60  stm32f7xx_hal_cortex.o(i.HAL_NVIC_SetPriority)
    HAL_PWREx_EnableOverDrive                0x080029f5   Thumb Code   100  stm32f7xx_hal_pwr_ex.o(i.HAL_PWREx_EnableOverDrive)
    HAL_QSPI_Abort                           0x08002a61   Thumb Code   124  stm32f7xx_hal_qspi.o(i.HAL_QSPI_Abort)
    HAL_QSPI_AutoPolling                     0x08002add   Thumb Code   172  stm32f7xx_hal_qspi.o(i.HAL_QSPI_AutoPolling)
    HAL_QSPI_Command                         0x08002b89   Thumb Code   134  stm32f7xx_hal_qspi.o(i.HAL_QSPI_Command)
    HAL_QSPI_Init                            0x08002c11   Thumb Code   184  stm32f7xx_hal_qspi.o(i.HAL_QSPI_Init)
    HAL_QSPI_MspInit                         0x08002cd1   Thumb Code     2  stm32f7xx_hal_qspi.o(i.HAL_QSPI_MspInit)
    HAL_QSPI_Receive                         0x08002cd3   Thumb Code   194  stm32f7xx_hal_qspi.o(i.HAL_QSPI_Receive)
    HAL_QSPI_Transmit                        0x08002d95   Thumb Code   186  stm32f7xx_hal_qspi.o(i.HAL_QSPI_Transmit)
    HAL_RCCEx_PeriphCLKConfig                0x08002e51   Thumb Code  1712  stm32f7xx_hal_rcc_ex.o(i.HAL_RCCEx_PeriphCLKConfig)
    HAL_RCC_ClockConfig                      0x08003505   Thumb Code   338  stm32f7xx_hal_rcc.o(i.HAL_RCC_ClockConfig)
    HAL_RCC_GetPCLK1Freq                     0x08003669   Thumb Code    34  stm32f7xx_hal_rcc.o(i.HAL_RCC_GetPCLK1Freq)
    HAL_RCC_GetPCLK2Freq                     0x08003699   Thumb Code    34  stm32f7xx_hal_rcc.o(i.HAL_RCC_GetPCLK2Freq)
    HAL_RCC_GetSysClockFreq                  0x080036c9   Thumb Code   120  stm32f7xx_hal_rcc.o(i.HAL_RCC_GetSysClockFreq)
    HAL_RCC_OscConfig                        0x0800374d   Thumb Code   790  stm32f7xx_hal_rcc.o(i.HAL_RCC_OscConfig)
    HAL_SDRAM_Init                           0x08003a6d   Thumb Code    66  stm32f7xx_hal_sdram.o(i.HAL_SDRAM_Init)
    HAL_SDRAM_MspInit                        0x08003aaf   Thumb Code     2  stm32f7xx_hal_sdram.o(i.HAL_SDRAM_MspInit)
    HAL_SDRAM_ProgramRefreshRate             0x08003ab1   Thumb Code    34  stm32f7xx_hal_sdram.o(i.HAL_SDRAM_ProgramRefreshRate)
    HAL_SDRAM_SendCommand                    0x08003ad5   Thumb Code    48  stm32f7xx_hal_sdram.o(i.HAL_SDRAM_SendCommand)
    HAL_SYSTICK_Config                       0x08003b05   Thumb Code    38  stm32f7xx_hal_cortex.o(i.HAL_SYSTICK_Config)
    HAL_UART_Init                            0x08003b2b   Thumb Code   106  stm32f7xx_hal_uart.o(i.HAL_UART_Init)
    HAL_UART_MspInit                         0x08003b95   Thumb Code     2  stm32f7xx_hal_uart.o(i.HAL_UART_MspInit)
    HAL_UART_Transmit                        0x08003b99   Thumb Code   182  stm32f7xx_hal_uart.o(i.HAL_UART_Transmit)
    HardFault_Handler                        0x08003c4f   Thumb Code     2  stm32f7xx_it.o(i.HardFault_Handler)
    I2Cx_Error_Handle                        0x08003ee7   Thumb Code    14  bsp_ov2640.o(i.I2Cx_Error_Handle)
    LCD_Clear                                0x08003ef5   Thumb Code    48  bsp_lcd.o(i.LCD_Clear)
    LCD_ClearLine                            0x08003f2d   Thumb Code    88  bsp_lcd.o(i.LCD_ClearLine)
    LCD_DispChar_CH                          0x08003f8d   Thumb Code   214  bsp_lcd.o(i.LCD_DispChar_CH)
    LCD_DisplayChar                          0x0800406d   Thumb Code    44  bsp_lcd.o(i.LCD_DisplayChar)
    LCD_DisplayOn                            0x080040a1   Thumb Code    40  bsp_lcd.o(i.LCD_DisplayOn)
    LCD_DisplayStringLine_EN_CH              0x080040d1   Thumb Code   134  bsp_lcd.o(i.LCD_DisplayStringLine_EN_CH)
    LCD_DrawHLine                            0x08004161   Thumb Code   116  bsp_lcd.o(i.LCD_DrawHLine)
    LCD_DrawPixel                            0x080041dd   Thumb Code    90  bsp_lcd.o(i.LCD_DrawPixel)
    LCD_DrawRect                             0x08004241   Thumb Code    54  bsp_lcd.o(i.LCD_DrawRect)
    LCD_DrawVLine                            0x08004279   Thumb Code   128  bsp_lcd.o(i.LCD_DrawVLine)
    LCD_GetFont                              0x080046dd   Thumb Code    18  bsp_lcd.o(i.LCD_GetFont)
    LCD_GetXSize                             0x080046f9   Thumb Code    22  bsp_lcd.o(i.LCD_GetXSize)
    LCD_GetYSize                             0x08004719   Thumb Code    22  bsp_lcd.o(i.LCD_GetYSize)
    LCD_Init                                 0x08004739   Thumb Code   174  bsp_lcd.o(i.LCD_Init)
    LCD_LayerInit                            0x080047f9   Thumb Code   112  bsp_lcd.o(i.LCD_LayerInit)
    LCD_SelectLayer                          0x08004871   Thumb Code     6  bsp_lcd.o(i.LCD_SelectLayer)
    LCD_SetBackColor                         0x0800487d   Thumb Code    18  bsp_lcd.o(i.LCD_SetBackColor)
    LCD_SetColors                            0x08004899   Thumb Code    18  bsp_lcd.o(i.LCD_SetColors)
    LCD_SetFont                              0x080048ad   Thumb Code    18  bsp_lcd.o(i.LCD_SetFont)
    LCD_SetTextColor                         0x080048c9   Thumb Code    16  bsp_lcd.o(i.LCD_SetTextColor)
    LCD_SetTransparency                      0x080048e1   Thumb Code     8  bsp_lcd.o(i.LCD_SetTransparency)
    LED_GPIO_Config                          0x080048ed   Thumb Code   156  bsp_led.o(i.LED_GPIO_Config)
    MeanFilterOper                           0x08004be5   Thumb Code   172  process.o(i.MeanFilterOper)
    MemManage_Handler                        0x08004c95   Thumb Code     2  stm32f7xx_it.o(i.MemManage_Handler)
    NMI_Handler                              0x08004c97   Thumb Code     2  stm32f7xx_it.o(i.NMI_Handler)
    OV2640_DCMI_Config                       0x08004cbd   Thumb Code    66  bsp_ov2640.o(i.OV2640_DCMI_Config)
    OV2640_DMA_Config                        0x08004d0d   Thumb Code   104  bsp_ov2640.o(i.OV2640_DMA_Config)
    OV2640_DMA_M2M_Config                    0x08004d81   Thumb Code    98  bsp_ov2640.o(i.OV2640_DMA_M2M_Config)
    OV2640_HW_Init                           0x08004ded   Thumb Code   406  bsp_ov2640.o(i.OV2640_HW_Init)
    OV2640_I2C_Init                          0x08004f9d   Thumb Code   130  bsp_ov2640.o(i.OV2640_I2C_Init)
    OV2640_OutSize_Set                       0x08005035   Thumb Code    92  bsp_ov2640.o(i.OV2640_OutSize_Set)
    OV2640_ReadID                            0x08005091   Thumb Code    96  bsp_ov2640.o(i.OV2640_ReadID)
    OV2640_ReadReg                           0x08005141   Thumb Code    46  bsp_ov2640.o(i.OV2640_ReadReg)
    OV2640_Reset                             0x08005175   Thumb Code    22  bsp_ov2640.o(i.OV2640_Reset)
    OV2640_UXGAConfig                        0x0800518d   Thumb Code    96  bsp_ov2640.o(i.OV2640_UXGAConfig)
    OV2640_WriteReg                          0x080051f1   Thumb Code    44  bsp_ov2640.o(i.OV2640_WriteReg)
    PendSV_Handler                           0x08005221   Thumb Code     2  stm32f7xx_it.o(i.PendSV_Handler)
    QSPI_FLASH_Init                          0x08005419   Thumb Code   276  bsp_qspi_flash.o(i.QSPI_FLASH_Init)
    RGB565_to_Gray                           0x08005645   Thumb Code    44  process.o(i.RGB565_to_Gray)
    SDRAM_Init                               0x08005add   Thumb Code   102  bsp_sdram.o(i.SDRAM_Init)
    SVC_Handler                              0x08005bdd   Thumb Code     2  stm32f7xx_it.o(i.SVC_Handler)
    SysTick_Handler                          0x08005be1   Thumb Code    34  stm32f7xx_it.o(i.SysTick_Handler)
    SystemInit                               0x08005c09   Thumb Code    68  system_stm32f7xx.o(i.SystemInit)
    UART_AdvFeatureConfig                    0x08005c5d   Thumb Code   200  stm32f7xx_hal_uart.o(i.UART_AdvFeatureConfig)
    UART_CheckIdleState                      0x08005d25   Thumb Code    92  stm32f7xx_hal_uart.o(i.UART_CheckIdleState)
    UART_SetConfig                           0x08005d81   Thumb Code   550  stm32f7xx_hal_uart.o(i.UART_SetConfig)
    UART_WaitOnFlagUntilTimeout              0x08005fd9   Thumb Code   100  stm32f7xx_hal_uart.o(i.UART_WaitOnFlagUntilTimeout)
    UsageFault_Handler                       0x0800603d   Thumb Code     2  stm32f7xx_it.o(i.UsageFault_Handler)
    __0printf                                0x08006041   Thumb Code    22  printfa.o(i.__0printf)
    __1printf                                0x08006041   Thumb Code     0  printfa.o(i.__0printf)
    __2printf                                0x08006041   Thumb Code     0  printfa.o(i.__0printf)
    __c89printf                              0x08006041   Thumb Code     0  printfa.o(i.__0printf)
    printf                                   0x08006041   Thumb Code     0  printfa.o(i.__0printf)
    __0sprintf                               0x08006061   Thumb Code    34  printfa.o(i.__0sprintf)
    __1sprintf                               0x08006061   Thumb Code     0  printfa.o(i.__0sprintf)
    __2sprintf                               0x08006061   Thumb Code     0  printfa.o(i.__0sprintf)
    __c89sprintf                             0x08006061   Thumb Code     0  printfa.o(i.__0sprintf)
    sprintf                                  0x08006061   Thumb Code     0  printfa.o(i.__0sprintf)
    __scatterload_copy                       0x08006089   Thumb Code    14  handlers.o(i.__scatterload_copy)
    __scatterload_null                       0x08006097   Thumb Code     2  handlers.o(i.__scatterload_null)
    __scatterload_zeroinit                   0x08006099   Thumb Code    14  handlers.o(i.__scatterload_zeroinit)
    distance                                 0x08006945   Thumb Code    48  process.o(i.distance)
    fputc                                    0x0800697d   Thumb Code    20  bsp_debug_usart.o(i.fputc)
    get_newimage                             0x08006995   Thumb Code   360  process.o(i.get_newimage)
    label_extract                            0x08006b05   Thumb Code   148  process.o(i.label_extract)
    labelset                                 0x08006ba1   Thumb Code   254  process.o(i.labelset)
    main                                     0x08006ca5   Thumb Code   672  main.o(i.main)
    mylabel                                  0x08006fe5   Thumb Code   142  process.o(i.mylabel)
    otsuThreshold                            0x0800707d   Thumb Code   412  process.o(i.otsuThreshold)
    point2                                   0x08007235   Thumb Code   188  process.o(i.point2)
    AHBPrescTable                            0x080072f4   Data          16  system_stm32f7xx.o(.constdata)
    APBPrescTable                            0x08007304   Data           8  system_stm32f7xx.o(.constdata)
    Font24_Table                             0x08007314   Data        6840  bsp_lcd.o(.constdata)
    OV2640_QQVGA                             0x08008dcc   Data         656  bsp_ov2640.o(.constdata)
    OV2640_UXGA                              0x0800905c   Data         444  bsp_ov2640.o(.constdata)
    OV2640_JPEG_INIT                         0x08009218   Data         380  bsp_ov2640.o(.constdata)
    OV2640_YUV422                            0x08009394   Data          18  bsp_ov2640.o(.constdata)
    OV2640_JPEG                              0x080093a6   Data          16  bsp_ov2640.o(.constdata)
    OV2640_160x120_JPEG                      0x080093b6   Data          78  bsp_ov2640.o(.constdata)
    OV2640_176x144_JPEG                      0x08009404   Data          78  bsp_ov2640.o(.constdata)
    OV2640_320x240_JPEG                      0x08009452   Data          78  bsp_ov2640.o(.constdata)
    OV2640_352x288_JPEG                      0x080094a0   Data          78  bsp_ov2640.o(.constdata)
    Region$$Table$$Base                      0x08009534   Number         0  anon$$obj.o(Region$$Table)
    Region$$Table$$Limit                     0x08009554   Number         0  anon$$obj.o(Region$$Table)
    SystemCoreClock                          0x20010000   Data           4  system_stm32f7xx.o(.data)
    uwTick                                   0x20010004   Data           4  stm32f7xx_hal.o(.data)
    fps                                      0x20010008   Data           1  main.o(.data)
    thre                                     0x2001000c   Data           2  main.o(.data)
    cnt                                      0x2001000e   Data           2  main.o(.data)
    OV2640_Camera_ID                         0x20010010   Data           4  main.o(.data)
    d                                        0x20010014   Data           4  main.o(.data)
    p                                        0x20010018   Data           8  main.o(.data)
    Font24                                   0x20010028   Data           8  bsp_lcd.o(.data)
    __stdout                                 0x20010030   Data           4  stdout.o(.data)
    Task_Delay                               0x20010034   Data          12  main.o(.bss)
    dispBuf                                  0x20010040   Data         100  main.o(.bss)
    hsdram1                                  0x200100b4   Data          52  bsp_sdram.o(.bss)
    UartHandle                               0x200100e8   Data         112  bsp_debug_usart.o(.bss)
    hqspi                                    0x200102dc   Data          68  bsp_qspi_flash.o(.bss)
    I2C_Handle                               0x20010320   Data          76  bsp_ov2640.o(.bss)
    DCMI_Handle                              0x2001036c   Data          80  bsp_ov2640.o(.bss)
    DMA_Handle_dcmi                          0x200103bc   Data          96  bsp_ov2640.o(.bss)
    __initial_sp                             0x20010820   Data           0  startup_stm32f746xx.o(STACK)
    image2                                   0xd0300000   Data       768000  process.o(.ARM.__AT_0xD0300000)
    imgn                                     0xd0400000   Data       768000  process.o(.ARM.__AT_0xD0400000)
    m                                        0xd0500000   Data       768000  process.o(.ARM.__AT_0xD0500000)
    o                                        0xd0600000   Data       768000  process.o(.ARM.__AT_0xD0600000)
    counters                                 0xd0700000   Data       335880  process.o(.ARM.__AT_0xD0700000)



==============================================================================

Memory Map of the image

  Image Entry point : 0x080001c9

  Load Region LR_IROM1 (Base: 0x08000000, Size: 0x00009588, Max: 0x00100000, ABSOLUTE)

    Execution Region ER_IROM1 (Base: 0x08000000, Size: 0x00009554, Max: 0x00100000, ABSOLUTE)

    Base Addr    Size         Type   Attr      Idx    E Section Name        Object

    0x08000000   0x000001c8   Data   RO            3    RESET               startup_stm32f746xx.o
    0x080001c8   0x00000000   Code   RO         5856  * .ARM.Collect$$$$00000000  mc_w.l(entry.o)
    0x080001c8   0x00000004   Code   RO         6177    .ARM.Collect$$$$00000001  mc_w.l(entry2.o)
    0x080001cc   0x00000004   Code   RO         6180    .ARM.Collect$$$$00000004  mc_w.l(entry5.o)
    0x080001d0   0x00000000   Code   RO         6182    .ARM.Collect$$$$00000008  mc_w.l(entry7b.o)
    0x080001d0   0x00000000   Code   RO         6184    .ARM.Collect$$$$0000000A  mc_w.l(entry8b.o)
    0x080001d0   0x00000008   Code   RO         6185    .ARM.Collect$$$$0000000B  mc_w.l(entry9a.o)
    0x080001d8   0x00000000   Code   RO         6187    .ARM.Collect$$$$0000000D  mc_w.l(entry10a.o)
    0x080001d8   0x00000000   Code   RO         6189    .ARM.Collect$$$$0000000F  mc_w.l(entry11a.o)
    0x080001d8   0x00000004   Code   RO         6178    .ARM.Collect$$$$00002712  mc_w.l(entry2.o)
    0x080001dc   0x00000024   Code   RO            4    .text               startup_stm32f746xx.o
    0x08000200   0x00000024   Code   RO         5859    .text               mc_w.l(memcpya.o)
    0x08000224   0x0000014e   Code   RO         6124    .text               mf_w.l(dadd.o)
    0x08000372   0x000000e4   Code   RO         6126    .text               mf_w.l(dmul.o)
    0x08000456   0x000000de   Code   RO         6128    .text               mf_w.l(ddiv.o)
    0x08000534   0x00000022   Code   RO         6132    .text               mf_w.l(dflti.o)
    0x08000556   0x0000001a   Code   RO         6134    .text               mf_w.l(dfltui.o)
    0x08000570   0x00000026   Code   RO         6138    .text               mf_w.l(f2d.o)
    0x08000596   0x00000002   PAD
    0x08000598   0x00000030   Code   RO         6140    .text               mf_w.l(cdcmple.o)
    0x080005c8   0x00000030   Code   RO         6142    .text               mf_w.l(cdrcmple.o)
    0x080005f8   0x0000002c   Code   RO         6192    .text               mc_w.l(uidiv.o)
    0x08000624   0x00000062   Code   RO         6194    .text               mc_w.l(uldiv.o)
    0x08000686   0x0000001e   Code   RO         6196    .text               mc_w.l(llshl.o)
    0x080006a4   0x00000020   Code   RO         6198    .text               mc_w.l(llushr.o)
    0x080006c4   0x00000024   Code   RO         6200    .text               mc_w.l(llsshr.o)
    0x080006e8   0x00000000   Code   RO         6209    .text               mc_w.l(iusefp.o)
    0x080006e8   0x000000ba   Code   RO         6212    .text               mf_w.l(depilogue.o)
    0x080007a2   0x00000030   Code   RO         6216    .text               mf_w.l(dfixul.o)
    0x080007d2   0x00000002   PAD
    0x080007d4   0x00000024   Code   RO         6226    .text               mc_w.l(init.o)
    0x080007f8   0x0000006c   Code   RO         4707    i.BSP_QSPI_Init     bsp_qspi_flash.o
    0x08000864   0x00000078   Code   RO         4708    i.BSP_QSPI_Read     bsp_qspi_flash.o
    0x080008dc   0x00000002   Code   RO         4130    i.BusFault_Handler  stm32f7xx_it.o
    0x080008de   0x00000020   Code   RO          634    i.DCMI_DMAError     stm32f7xx_hal_dcmi.o
    0x080008fe   0x00000084   Code   RO          635    i.DCMI_DMAXferCplt  stm32f7xx_hal_dcmi.o
    0x08000982   0x00000002   PAD
    0x08000984   0x0000000c   Code   RO         4131    i.DCMI_IRQHandler   stm32f7xx_it.o
    0x08000990   0x00000020   Code   RO         4799    i.DCMI_Start        bsp_ov2640.o
    0x080009b0   0x000000c8   Code   RO         4297    i.DEBUG_USART_Config  bsp_debug_usart.o
    0x08000a78   0x000000a0   Code   RO          935    i.DMA2D_SetConfig   stm32f7xx_hal_dma2d.o
    0x08000b18   0x0000000c   Code   RO         4132    i.DMA2_Stream1_IRQHandler  stm32f7xx_it.o
    0x08000b24   0x00000028   Code   RO          788    i.DMA_CalcBaseAndBitshift  stm32f7xx_hal_dma.o
    0x08000b4c   0x00000054   Code   RO          789    i.DMA_CheckFifoParam  stm32f7xx_hal_dma.o
    0x08000ba0   0x0000001e   Code   RO          894    i.DMA_MultiBufferSetConfig  stm32f7xx_hal_dma_ex.o
    0x08000bbe   0x00000028   Code   RO          790    i.DMA_SetConfig     stm32f7xx_hal_dma.o
    0x08000be6   0x00000002   Code   RO         4133    i.DebugMon_Handler  stm32f7xx_it.o
    0x08000be8   0x000000e4   Code   RO         5031    i.Dilation          process.o
    0x08000ccc   0x000000b0   Code   RO         4346    i.DrawChar          bsp_lcd.o
    0x08000d7c   0x000000e0   Code   RO         5033    i.Erodation         process.o
    0x08000e5c   0x0000005e   Code   RO         3891    i.FMC_SDRAM_Init    stm32f7xx_ll_fmc.o
    0x08000eba   0x0000000c   Code   RO         3892    i.FMC_SDRAM_ProgramRefreshRate  stm32f7xx_ll_fmc.o
    0x08000ec6   0x00000048   Code   RO         3893    i.FMC_SDRAM_SendCommand  stm32f7xx_ll_fmc.o
    0x08000f0e   0x00000002   PAD
    0x08000f10   0x0000008c   Code   RO         3895    i.FMC_SDRAM_Timing_Init  stm32f7xx_ll_fmc.o
    0x08000f9c   0x0000004c   Code   RO         4348    i.GetGBKCode_from_EXFlash  bsp_lcd.o
    0x08000fe8   0x00000002   Code   RO          640    i.HAL_DCMI_ErrorCallback  stm32f7xx_hal_dcmi.o
    0x08000fea   0x00000002   Code   RO          641    i.HAL_DCMI_FrameEventCallback  stm32f7xx_hal_dcmi.o
    0x08000fec   0x0000009c   Code   RO          644    i.HAL_DCMI_IRQHandler  stm32f7xx_hal_dcmi.o
    0x08001088   0x000000b8   Code   RO          645    i.HAL_DCMI_Init     stm32f7xx_hal_dcmi.o
    0x08001140   0x00000002   Code   RO          646    i.HAL_DCMI_LineEventCallback  stm32f7xx_hal_dcmi.o
    0x08001142   0x00000002   Code   RO          648    i.HAL_DCMI_MspInit  stm32f7xx_hal_dcmi.o
    0x08001144   0x000000bc   Code   RO          650    i.HAL_DCMI_Start_DMA  stm32f7xx_hal_dcmi.o
    0x08001200   0x00000010   Code   RO         4802    i.HAL_DCMI_VsyncEventCallback  bsp_ov2640.o
    0x08001210   0x000000b8   Code   RO          947    i.HAL_DMA2D_ConfigLayer  stm32f7xx_hal_dma2d.o
    0x080012c8   0x0000005a   Code   RO          955    i.HAL_DMA2D_Init    stm32f7xx_hal_dma2d.o
    0x08001322   0x00000002   Code   RO          958    i.HAL_DMA2D_MspInit  stm32f7xx_hal_dma2d.o
    0x08001324   0x0000010c   Code   RO          959    i.HAL_DMA2D_PollForTransfer  stm32f7xx_hal_dma2d.o
    0x08001430   0x00000034   Code   RO          962    i.HAL_DMA2D_Start   stm32f7xx_hal_dma2d.o
    0x08001464   0x0000000e   Code   RO          895    i.HAL_DMAEx_ChangeMemory  stm32f7xx_hal_dma_ex.o
    0x08001472   0x00000002   PAD
    0x08001474   0x00000990   Code   RO          897    i.HAL_DMAEx_MultiBufferStart_IT  stm32f7xx_hal_dma_ex.o
    0x08001e04   0x00000092   Code   RO          791    i.HAL_DMA_Abort     stm32f7xx_hal_dma.o
    0x08001e96   0x00000024   Code   RO          792    i.HAL_DMA_Abort_IT  stm32f7xx_hal_dma.o
    0x08001eba   0x00000002   PAD
    0x08001ebc   0x000001a8   Code   RO          796    i.HAL_DMA_IRQHandler  stm32f7xx_hal_dma.o
    0x08002064   0x000000e0   Code   RO          797    i.HAL_DMA_Init      stm32f7xx_hal_dma.o
    0x08002144   0x0000004a   Code   RO          800    i.HAL_DMA_Start     stm32f7xx_hal_dma.o
    0x0800218e   0x0000007a   Code   RO          801    i.HAL_DMA_Start_IT  stm32f7xx_hal_dma.o
    0x08002208   0x00000016   Code   RO          172    i.HAL_Delay         stm32f7xx_hal.o
    0x0800221e   0x00000002   PAD
    0x08002220   0x000001d8   Code   RO         1465    i.HAL_GPIO_Init     stm32f7xx_hal_gpio.o
    0x080023f8   0x0000000a   Code   RO         1469    i.HAL_GPIO_WritePin  stm32f7xx_hal_gpio.o
    0x08002402   0x00000002   PAD
    0x08002404   0x0000000c   Code   RO          180    i.HAL_GetTick       stm32f7xx_hal.o
    0x08002410   0x00000034   Code   RO         1584    i.HAL_I2C_DeInit    stm32f7xx_hal_i2c.o
    0x08002444   0x000000b0   Code   RO         1593    i.HAL_I2C_Init      stm32f7xx_hal_i2c.o
    0x080024f4   0x0000016c   Code   RO         1609    i.HAL_I2C_Mem_Read  stm32f7xx_hal_i2c.o
    0x08002660   0x00000168   Code   RO         1612    i.HAL_I2C_Mem_Write  stm32f7xx_hal_i2c.o
    0x080027c8   0x00000002   Code   RO         1615    i.HAL_I2C_MspDeInit  stm32f7xx_hal_i2c.o
    0x080027ca   0x00000002   Code   RO         1616    i.HAL_I2C_MspInit   stm32f7xx_hal_i2c.o
    0x080027cc   0x00000010   Code   RO          181    i.HAL_IncTick       stm32f7xx_hal.o
    0x080027dc   0x00000028   Code   RO          183    i.HAL_InitTick      stm32f7xx_hal.o
    0x08002804   0x00000052   Code   RO         2115    i.HAL_LTDC_ConfigLayer  stm32f7xx_hal_ltdc.o
    0x08002856   0x00000002   PAD
    0x08002858   0x00000100   Code   RO         2132    i.HAL_LTDC_Init     stm32f7xx_hal_ltdc.o
    0x08002958   0x00000002   Code   RO         2135    i.HAL_LTDC_MspInit  stm32f7xx_hal_ltdc.o
    0x0800295a   0x00000044   Code   RO         2141    i.HAL_LTDC_SetAlpha  stm32f7xx_hal_ltdc.o
    0x0800299e   0x00000016   Code   RO          406    i.HAL_NVIC_EnableIRQ  stm32f7xx_hal_cortex.o
    0x080029b4   0x00000040   Code   RO          412    i.HAL_NVIC_SetPriority  stm32f7xx_hal_cortex.o
    0x080029f4   0x0000006c   Code   RO         2613    i.HAL_PWREx_EnableOverDrive  stm32f7xx_hal_pwr_ex.o
    0x08002a60   0x0000007c   Code   RO         2699    i.HAL_QSPI_Abort    stm32f7xx_hal_qspi.o
    0x08002adc   0x000000ac   Code   RO         2702    i.HAL_QSPI_AutoPolling  stm32f7xx_hal_qspi.o
    0x08002b88   0x00000086   Code   RO         2705    i.HAL_QSPI_Command  stm32f7xx_hal_qspi.o
    0x08002c0e   0x00000002   PAD
    0x08002c10   0x000000c0   Code   RO         2714    i.HAL_QSPI_Init     stm32f7xx_hal_qspi.o
    0x08002cd0   0x00000002   Code   RO         2717    i.HAL_QSPI_MspInit  stm32f7xx_hal_qspi.o
    0x08002cd2   0x000000c2   Code   RO         2718    i.HAL_QSPI_Receive  stm32f7xx_hal_qspi.o
    0x08002d94   0x000000ba   Code   RO         2727    i.HAL_QSPI_Transmit  stm32f7xx_hal_qspi.o
    0x08002e4e   0x00000002   PAD
    0x08002e50   0x000006b4   Code   RO         3059    i.HAL_RCCEx_PeriphCLKConfig  stm32f7xx_hal_rcc_ex.o
    0x08003504   0x00000164   Code   RO         2956    i.HAL_RCC_ClockConfig  stm32f7xx_hal_rcc.o
    0x08003668   0x00000030   Code   RO         2963    i.HAL_RCC_GetPCLK1Freq  stm32f7xx_hal_rcc.o
    0x08003698   0x00000030   Code   RO         2964    i.HAL_RCC_GetPCLK2Freq  stm32f7xx_hal_rcc.o
    0x080036c8   0x00000084   Code   RO         2965    i.HAL_RCC_GetSysClockFreq  stm32f7xx_hal_rcc.o
    0x0800374c   0x00000320   Code   RO         2968    i.HAL_RCC_OscConfig  stm32f7xx_hal_rcc.o
    0x08003a6c   0x00000042   Code   RO         3285    i.HAL_SDRAM_Init    stm32f7xx_hal_sdram.o
    0x08003aae   0x00000002   Code   RO         3287    i.HAL_SDRAM_MspInit  stm32f7xx_hal_sdram.o
    0x08003ab0   0x00000022   Code   RO         3288    i.HAL_SDRAM_ProgramRefreshRate  stm32f7xx_hal_sdram.o
    0x08003ad2   0x00000002   PAD
    0x08003ad4   0x00000030   Code   RO         3294    i.HAL_SDRAM_SendCommand  stm32f7xx_hal_sdram.o
    0x08003b04   0x00000026   Code   RO          417    i.HAL_SYSTICK_Config  stm32f7xx_hal_cortex.o
    0x08003b2a   0x0000006a   Code   RO         3580    i.HAL_UART_Init     stm32f7xx_hal_uart.o
    0x08003b94   0x00000002   Code   RO         3582    i.HAL_UART_MspInit  stm32f7xx_hal_uart.o
    0x08003b96   0x00000002   PAD
    0x08003b98   0x000000b6   Code   RO         3588    i.HAL_UART_Transmit  stm32f7xx_hal_uart.o
    0x08003c4e   0x00000002   Code   RO         4134    i.HardFault_Handler  stm32f7xx_it.o
    0x08003c50   0x00000022   Code   RO         1635    i.I2C_Flush_TXDR    stm32f7xx_hal_i2c.o
    0x08003c72   0x00000002   PAD
    0x08003c74   0x0000007c   Code   RO         1643    i.I2C_IsAcknowledgeFailed  stm32f7xx_hal_i2c.o
    0x08003cf0   0x0000006e   Code   RO         1646    i.I2C_RequestMemoryRead  stm32f7xx_hal_i2c.o
    0x08003d5e   0x0000006e   Code   RO         1647    i.I2C_RequestMemoryWrite  stm32f7xx_hal_i2c.o
    0x08003dcc   0x00000024   Code   RO         1650    i.I2C_TransferConfig  stm32f7xx_hal_i2c.o
    0x08003df0   0x00000052   Code   RO         1651    i.I2C_WaitOnFlagUntilTimeout  stm32f7xx_hal_i2c.o
    0x08003e42   0x00000050   Code   RO         1653    i.I2C_WaitOnSTOPFlagUntilTimeout  stm32f7xx_hal_i2c.o
    0x08003e92   0x00000054   Code   RO         1654    i.I2C_WaitOnTXISFlagUntilTimeout  stm32f7xx_hal_i2c.o
    0x08003ee6   0x0000000e   Code   RO         4803    i.I2Cx_Error_Handle  bsp_ov2640.o
    0x08003ef4   0x00000038   Code   RO         4349    i.LCD_Clear         bsp_lcd.o
    0x08003f2c   0x00000060   Code   RO         4350    i.LCD_ClearLine     bsp_lcd.o
    0x08003f8c   0x000000e0   Code   RO         4352    i.LCD_DispChar_CH   bsp_lcd.o
    0x0800406c   0x00000034   Code   RO         4353    i.LCD_DisplayChar   bsp_lcd.o
    0x080040a0   0x00000030   Code   RO         4355    i.LCD_DisplayOn     bsp_lcd.o
    0x080040d0   0x00000090   Code   RO         4358    i.LCD_DisplayStringLine_EN_CH  bsp_lcd.o
    0x08004160   0x0000007c   Code   RO         4362    i.LCD_DrawHLine     bsp_lcd.o
    0x080041dc   0x00000064   Code   RO         4364    i.LCD_DrawPixel     bsp_lcd.o
    0x08004240   0x00000036   Code   RO         4366    i.LCD_DrawRect      bsp_lcd.o
    0x08004276   0x00000002   PAD
    0x08004278   0x00000088   Code   RO         4367    i.LCD_DrawVLine     bsp_lcd.o
    0x08004300   0x000003dc   Code   RO         4372    i.LCD_GPIO_Config   bsp_lcd.o
    0x080046dc   0x0000001c   Code   RO         4374    i.LCD_GetFont       bsp_lcd.o
    0x080046f8   0x00000020   Code   RO         4376    i.LCD_GetXSize      bsp_lcd.o
    0x08004718   0x00000020   Code   RO         4377    i.LCD_GetYSize      bsp_lcd.o
    0x08004738   0x000000c0   Code   RO         4378    i.LCD_Init          bsp_lcd.o
    0x080047f8   0x00000078   Code   RO         4380    i.LCD_LayerInit     bsp_lcd.o
    0x08004870   0x0000000c   Code   RO         4384    i.LCD_SelectLayer   bsp_lcd.o
    0x0800487c   0x0000001c   Code   RO         4385    i.LCD_SetBackColor  bsp_lcd.o
    0x08004898   0x00000012   Code   RO         4387    i.LCD_SetColors     bsp_lcd.o
    0x080048aa   0x00000002   PAD
    0x080048ac   0x0000001c   Code   RO         4388    i.LCD_SetFont       bsp_lcd.o
    0x080048c8   0x00000018   Code   RO         4392    i.LCD_SetTextColor  bsp_lcd.o
    0x080048e0   0x0000000c   Code   RO         4393    i.LCD_SetTransparency  bsp_lcd.o
    0x080048ec   0x000000a8   Code   RO         4218    i.LED_GPIO_Config   bsp_led.o
    0x08004994   0x00000080   Code   RO         4397    i.LL_FillBuffer     bsp_lcd.o
    0x08004a14   0x000001d0   Code   RO         2151    i.LTDC_SetConfig    stm32f7xx_hal_ltdc.o
    0x08004be4   0x000000b0   Code   RO         5040    i.MeanFilterOper    process.o
    0x08004c94   0x00000002   Code   RO         4135    i.MemManage_Handler  stm32f7xx_it.o
    0x08004c96   0x00000002   Code   RO         4136    i.NMI_Handler       stm32f7xx_it.o
    0x08004c98   0x00000022   Code   RO          419    i.NVIC_SetPriority  stm32f7xx_hal_cortex.o
    0x08004cba   0x00000002   PAD
    0x08004cbc   0x00000050   Code   RO         4808    i.OV2640_DCMI_Config  bsp_ov2640.o
    0x08004d0c   0x00000074   Code   RO         4809    i.OV2640_DMA_Config  bsp_ov2640.o
    0x08004d80   0x0000006c   Code   RO         4810    i.OV2640_DMA_M2M_Config  bsp_ov2640.o
    0x08004dec   0x000001b0   Code   RO         4811    i.OV2640_HW_Init    bsp_ov2640.o
    0x08004f9c   0x00000098   Code   RO         4812    i.OV2640_I2C_Init   bsp_ov2640.o
    0x08005034   0x0000005c   Code   RO         4817    i.OV2640_OutSize_Set  bsp_ov2640.o
    0x08005090   0x000000b0   Code   RO         4819    i.OV2640_ReadID     bsp_ov2640.o
    0x08005140   0x00000034   Code   RO         4820    i.OV2640_ReadReg    bsp_ov2640.o
    0x08005174   0x00000016   Code   RO         4821    i.OV2640_Reset      bsp_ov2640.o
    0x0800518a   0x00000002   PAD
    0x0800518c   0x00000064   Code   RO         4823    i.OV2640_UXGAConfig  bsp_ov2640.o
    0x080051f0   0x00000030   Code   RO         4825    i.OV2640_WriteReg   bsp_ov2640.o
    0x08005220   0x00000002   Code   RO         4137    i.PendSV_Handler    stm32f7xx_it.o
    0x08005222   0x00000002   PAD
    0x08005224   0x0000004c   Code   RO         4710    i.QSPI_AutoPollingMemReady  bsp_qspi_flash.o
    0x08005270   0x000001a8   Code   RO         2732    i.QSPI_Config       stm32f7xx_hal_qspi.o
    0x08005418   0x00000128   Code   RO         4711    i.QSPI_FLASH_Init   bsp_qspi_flash.o
    0x08005540   0x00000054   Code   RO         4714    i.QSPI_ResetMemory  bsp_qspi_flash.o
    0x08005594   0x00000048   Code   RO         2739    i.QSPI_WaitFlagStateUntilTimeout  stm32f7xx_hal_qspi.o
    0x080055dc   0x00000068   Code   RO         4715    i.QSPI_WriteEnable  bsp_qspi_flash.o
    0x08005644   0x0000002c   Code   RO         5044    i.RGB565_to_Gray    process.o
    0x08005670   0x0000046c   Code   RO         4242    i.SDRAM_GPIO_Config  bsp_sdram.o
    0x08005adc   0x00000074   Code   RO         4243    i.SDRAM_Init        bsp_sdram.o
    0x08005b50   0x0000008c   Code   RO         4244    i.SDRAM_InitSequence  bsp_sdram.o
    0x08005bdc   0x00000002   Code   RO         4138    i.SVC_Handler       stm32f7xx_it.o
    0x08005bde   0x00000002   PAD
    0x08005be0   0x00000028   Code   RO         4139    i.SysTick_Handler   stm32f7xx_it.o
    0x08005c08   0x00000054   Code   RO           14    i.SystemInit        system_stm32f7xx.o
    0x08005c5c   0x000000c8   Code   RO         3593    i.UART_AdvFeatureConfig  stm32f7xx_hal_uart.o
    0x08005d24   0x0000005c   Code   RO         3594    i.UART_CheckIdleState  stm32f7xx_hal_uart.o
    0x08005d80   0x00000258   Code   RO         3604    i.UART_SetConfig    stm32f7xx_hal_uart.o
    0x08005fd8   0x00000064   Code   RO         3605    i.UART_WaitOnFlagUntilTimeout  stm32f7xx_hal_uart.o
    0x0800603c   0x00000002   Code   RO         4140    i.UsageFault_Handler  stm32f7xx_it.o
    0x0800603e   0x00000002   PAD
    0x08006040   0x00000020   Code   RO         6096    i.__0printf         mc_w.l(printfa.o)
    0x08006060   0x00000028   Code   RO         6098    i.__0sprintf        mc_w.l(printfa.o)
    0x08006088   0x0000000e   Code   RO         6232    i.__scatterload_copy  mc_w.l(handlers.o)
    0x08006096   0x00000002   Code   RO         6233    i.__scatterload_null  mc_w.l(handlers.o)
    0x08006098   0x0000000e   Code   RO         6234    i.__scatterload_zeroinit  mc_w.l(handlers.o)
    0x080060a6   0x00000002   PAD
    0x080060a8   0x00000164   Code   RO         6103    i._fp_digits        mc_w.l(printfa.o)
    0x0800620c   0x000006dc   Code   RO         6104    i._printf_core      mc_w.l(printfa.o)
    0x080068e8   0x00000024   Code   RO         6105    i._printf_post_padding  mc_w.l(printfa.o)
    0x0800690c   0x0000002e   Code   RO         6106    i._printf_pre_padding  mc_w.l(printfa.o)
    0x0800693a   0x0000000a   Code   RO         6108    i._sputc            mc_w.l(printfa.o)
    0x08006944   0x00000038   Code   RO         5050    i.distance          process.o
    0x0800697c   0x00000018   Code   RO         4300    i.fputc             bsp_debug_usart.o
    0x08006994   0x00000170   Code   RO         5054    i.get_newimage      process.o
    0x08006b04   0x0000009c   Code   RO         5055    i.label_extract     process.o
    0x08006ba0   0x00000104   Code   RO         5056    i.labelset          process.o
    0x08006ca4   0x00000340   Code   RO         4062    i.main              main.o
    0x08006fe4   0x00000098   Code   RO         5060    i.mylabel           process.o
    0x0800707c   0x000001b8   Code   RO         5062    i.otsuThreshold     process.o
    0x08007234   0x000000c0   Code   RO         5064    i.point2            process.o
    0x080072f4   0x00000010   Data   RO           15    .constdata          system_stm32f7xx.o
    0x08007304   0x00000008   Data   RO           16    .constdata          system_stm32f7xx.o
    0x0800730c   0x00000008   Data   RO          803    .constdata          stm32f7xx_hal_dma.o
    0x08007314   0x00001ab8   Data   RO         4399    .constdata          bsp_lcd.o
    0x08008dcc   0x00000722   Data   RO         4827    .constdata          bsp_ov2640.o
    0x080094ee   0x00000002   PAD
    0x080094f0   0x00000041   Data   RO         4828    .conststring        bsp_ov2640.o
    0x08009531   0x00000003   PAD
    0x08009534   0x00000020   Data   RO         6230    Region$$Table       anon$$obj.o


    Execution Region RW_IRAM1 (Base: 0x20010000, Size: 0x00000820, Max: 0x00040000, ABSOLUTE)

    Base Addr    Size         Type   Attr      Idx    E Section Name        Object

    0x20010000   0x00000004   Data   RW           17    .data               system_stm32f7xx.o
    0x20010004   0x00000004   Data   RW          188    .data               stm32f7xx_hal.o
    0x20010008   0x00000001   Data   RW         4065    .data               main.o
    0x20010009   0x00000003   PAD
    0x2001000c   0x00000014   Data   RW         4066    .data               main.o
    0x20010020   0x00000010   Data   RW         4404    .data               bsp_lcd.o
    0x20010030   0x00000004   Data   RW         6191    .data               mc_w.l(stdout.o)
    0x20010034   0x0000000c   Zero   RW         4063    .bss                main.o
    0x20010040   0x00000064   Zero   RW         4064    .bss                main.o
    0x200100a4   0x00000044   Zero   RW         4248    .bss                bsp_sdram.o
    0x200100e8   0x00000070   Zero   RW         4301    .bss                bsp_debug_usart.o
    0x20010158   0x00000184   Zero   RW         4398    .bss                bsp_lcd.o
    0x200102dc   0x00000044   Zero   RW         4716    .bss                bsp_qspi_flash.o
    0x20010320   0x000000fc   Zero   RW         4826    .bss                bsp_ov2640.o
    0x2001041c   0x00000004   PAD
    0x20010420   0x00000400   Zero   RW            1    STACK               startup_stm32f746xx.o



  Load Region LR$$.ARM.__AT_0xD0300000 (Base: 0xd0300000, Size: 0x00000000, Max: 0x000bb800, ABSOLUTE)

    Execution Region ER$$.ARM.__AT_0xD0300000 (Base: 0xd0300000, Size: 0x000bb800, Max: 0x000bb800, ABSOLUTE, UNINIT)

    Base Addr    Size         Type   Attr      Idx    E Section Name        Object

    0xd0300000   0x000bb800   Zero   RW         5070    .ARM.__AT_0xD0300000  process.o



  Load Region LR$$.ARM.__AT_0xD0400000 (Base: 0xd0400000, Size: 0x00000000, Max: 0x000bb800, ABSOLUTE)

    Execution Region ER$$.ARM.__AT_0xD0400000 (Base: 0xd0400000, Size: 0x000bb800, Max: 0x000bb800, ABSOLUTE, UNINIT)

    Base Addr    Size         Type   Attr      Idx    E Section Name        Object

    0xd0400000   0x000bb800   Zero   RW         5071    .ARM.__AT_0xD0400000  process.o



  Load Region LR$$.ARM.__AT_0xD0500000 (Base: 0xd0500000, Size: 0x00000000, Max: 0x000bb800, ABSOLUTE)

    Execution Region ER$$.ARM.__AT_0xD0500000 (Base: 0xd0500000, Size: 0x000bb800, Max: 0x000bb800, ABSOLUTE, UNINIT)

    Base Addr    Size         Type   Attr      Idx    E Section Name        Object

    0xd0500000   0x000bb800   Zero   RW         5072    .ARM.__AT_0xD0500000  process.o



  Load Region LR$$.ARM.__AT_0xD0600000 (Base: 0xd0600000, Size: 0x00000000, Max: 0x000bb800, ABSOLUTE)

    Execution Region ER$$.ARM.__AT_0xD0600000 (Base: 0xd0600000, Size: 0x000bb800, Max: 0x000bb800, ABSOLUTE, UNINIT)

    Base Addr    Size         Type   Attr      Idx    E Section Name        Object

    0xd0600000   0x000bb800   Zero   RW         5073    .ARM.__AT_0xD0600000  process.o



  Load Region LR$$.ARM.__AT_0xD0700000 (Base: 0xd0700000, Size: 0x00000000, Max: 0x00052008, ABSOLUTE)

    Execution Region ER$$.ARM.__AT_0xD0700000 (Base: 0xd0700000, Size: 0x00052008, Max: 0x00052008, ABSOLUTE, UNINIT)

    Base Addr    Size         Type   Attr      Idx    E Section Name        Object

    0xd0700000   0x00052008   Zero   RW         5074    .ARM.__AT_0xD0700000  process.o


==============================================================================

Image component sizes


      Code (inc. data)   RO Data    RW Data    ZI Data      Debug   Object Name

       224         22          0          0        112       2067   bsp_debug_usart.o
      2928        240       6840         16        388      32170   bsp_lcd.o
       168         12          0          0          0       1086   bsp_led.o
      1440        192       1891          0        252      17105   bsp_ov2640.o
       788         50          0          0         68       5250   bsp_qspi_flash.o
      1388         64          0          0         68       4175   bsp_sdram.o
       832        160          0         21        112       8548   main.o
      2296         94          0          0    3407880      11824   process.o
        36          8        456          0       1024        984   startup_stm32f746xx.o
        90         18          0          4          0       3460   stm32f7xx_hal.o
       158          4          0          0          0      34936   stm32f7xx_hal_cortex.o
       700         18          0          0          0       7194   stm32f7xx_hal_dcmi.o
      1190         22          8          0          0       8766   stm32f7xx_hal_dma.o
       756          8          0          0          0       7119   stm32f7xx_hal_dma2d.o
      2492         20          0          0          0       3557   stm32f7xx_hal_dma_ex.o
       482         54          0          0          0       2704   stm32f7xx_hal_gpio.o
      1616         24          0          0          0      14717   stm32f7xx_hal_i2c.o
       872          4          0          0          0       4750   stm32f7xx_hal_ltdc.o
       108          8          0          0          0       1352   stm32f7xx_hal_pwr_ex.o
      1500          8          0          0          0       9891   stm32f7xx_hal_qspi.o
      1384         68          0          0          0       5380   stm32f7xx_hal_rcc.o
      1716         16          0          0          0       2504   stm32f7xx_hal_rcc_ex.o
       150          0          0          0          0       3472   stm32f7xx_hal_sdram.o
      1282         70          0          0          0       7080   stm32f7xx_hal_uart.o
        80         18          0          0          0       5514   stm32f7xx_it.o
       318          6          0          0          0       3748   stm32f7xx_ll_fmc.o
        84         16         24          4          0     424615   system_stm32f7xx.o

    ----------------------------------------------------------------------
     25116       1224       9256         48    3409908     633968   Object Totals
         0          0         32          0          0          0   (incl. Generated)
        38          0          5          3          4          0   (incl. Padding)

    ----------------------------------------------------------------------

      Code (inc. data)   RO Data    RW Data    ZI Data      Debug   Library Member Name

         0          0          0          0          0          0   entry.o
         0          0          0          0          0          0   entry10a.o
         0          0          0          0          0          0   entry11a.o
         8          4          0          0          0          0   entry2.o
         4          0          0          0          0          0   entry5.o
         0          0          0          0          0          0   entry7b.o
         0          0          0          0          0          0   entry8b.o
         8          4          0          0          0          0   entry9a.o
        30          0          0          0          0          0   handlers.o
        36          8          0          0          0         68   init.o
         0          0          0          0          0          0   iusefp.o
        30          0          0          0          0         68   llshl.o
        36          0          0          0          0         68   llsshr.o
        32          0          0          0          0         68   llushr.o
        36          0          0          0          0         68   memcpya.o
      2276         96          0          0          0        596   printfa.o
         0          0          0          4          0          0   stdout.o
        44          0          0          0          0         80   uidiv.o
        98          0          0          0          0         92   uldiv.o
        48          0          0          0          0         68   cdcmple.o
        48          0          0          0          0         68   cdrcmple.o
       334          0          0          0          0        148   dadd.o
       222          0          0          0          0        100   ddiv.o
       186          0          0          0          0        176   depilogue.o
        48          0          0          0          0         68   dfixul.o
        34          0          0          0          0         76   dflti.o
        26          0          0          0          0         76   dfltui.o
       228          0          0          0          0         96   dmul.o
        38          0          0          0          0         68   f2d.o

    ----------------------------------------------------------------------
      3856        112          0          4          0       2052   Library Totals
         6          0          0          0          0          0   (incl. Padding)

    ----------------------------------------------------------------------

      Code (inc. data)   RO Data    RW Data    ZI Data      Debug   Library Name

      2638        112          0          4          0       1108   mc_w.l
      1212          0          0          0          0        944   mf_w.l

    ----------------------------------------------------------------------
      3856        112          0          4          0       2052   Library Totals

    ----------------------------------------------------------------------

==============================================================================


      Code (inc. data)   RO Data    RW Data    ZI Data      Debug   

     28972       1336       9256         52    3409908     619632   Grand Totals
     28972       1336       9256         52    3409908     619632   ELF Image Totals
     28972       1336       9256         52          0          0   ROM Totals

==============================================================================

    Total RO  Size (Code + RO Data)                38228 (  37.33kB)
    Total RW  Size (RW Data + ZI Data)           3409960 (3330.04kB)
    Total ROM Size (Code + RO Data + RW Data)      38280 (  37.38kB)

==============================================================================

